[1.093s] Invoking command in '/home/tersoo/autonomous-robot-logging-with-ROS2-jazzy/myros2_ws/src/waypoint_runner': DEBUGINFOD_URLS=https://debuginfod.ubuntu.com PS1=(myenv) \[\e]0;\u@\h: \w\a\]${debian_chroot:+($debian_chroot)}\[\033[01;32m\]\u@\h\[\033[00m\]:\[\033[01;34m\]\w\[\033[00m\]\$ PYTHONPATH=/home/tersoo/autonomous-robot-logging-with-ROS2-jazzy/build/waypoint_runner/prefix_override:/usr/lib/python3/dist-packages/colcon_core/task/python/colcon_distutils_commands:/home/tersoo/autonomous-robot-logging-with-ROS2-jazzy/install/waypoint_runner/lib/python3.12/site-packages:${PYTHONPATH} VIRTUAL_ENV_PROMPT=(myenv) /usr/bin/python3 -W ignore:setup.py install is deprecated -W ignore:easy_install command is deprecated setup.py egg_info --egg-base ../../../build/waypoint_runner build --build-base /home/tersoo/autonomous-robot-logging-with-ROS2-jazzy/build/waypoint_runner/build install --record /home/tersoo/autonomous-robot-logging-with-ROS2-jazzy/build/waypoint_runner/install.log --single-version-externally-managed install_data
[1.460s] running egg_info
[1.488s] writing ../../../build/waypoint_runner/waypoint_runner.egg-info/PKG-INFO
[1.489s] writing dependency_links to ../../../build/waypoint_runner/waypoint_runner.egg-info/dependency_links.txt
[1.489s] writing entry points to ../../../build/waypoint_runner/waypoint_runner.egg-info/entry_points.txt
[1.490s] writing requirements to ../../../build/waypoint_runner/waypoint_runner.egg-info/requires.txt
[1.490s] writing top-level names to ../../../build/waypoint_runner/waypoint_runner.egg-info/top_level.txt
[1.547s] reading manifest file '../../../build/waypoint_runner/waypoint_runner.egg-info/SOURCES.txt'
[1.548s] writing manifest file '../../../build/waypoint_runner/waypoint_runner.egg-info/SOURCES.txt'
[1.548s] running build
[1.548s] running build_py
[1.549s] running install
[1.556s] running install_lib
[1.585s] running install_data
[1.585s] running install_egg_info
[1.615s] removing '/home/tersoo/autonomous-robot-logging-with-ROS2-jazzy/install/waypoint_runner/lib/python3.12/site-packages/waypoint_runner-0.0.0-py3.12.egg-info' (and everything under it)
[1.615s] Copying ../../../build/waypoint_runner/waypoint_runner.egg-info to /home/tersoo/autonomous-robot-logging-with-ROS2-jazzy/install/waypoint_runner/lib/python3.12/site-packages/waypoint_runner-0.0.0-py3.12.egg-info
[1.616s] running install_scripts
[1.798s] Installing visit_points script to /home/tersoo/autonomous-robot-logging-with-ROS2-jazzy/install/waypoint_runner/lib/waypoint_runner
[1.798s] writing list of installed files to '/home/tersoo/autonomous-robot-logging-with-ROS2-jazzy/build/waypoint_runner/install.log'
[1.832s] Invoked command in '/home/tersoo/autonomous-robot-logging-with-ROS2-jazzy/myros2_ws/src/waypoint_runner' returned '0': DEBUGINFOD_URLS=https://debuginfod.ubuntu.com PS1=(myenv) \[\e]0;\u@\h: \w\a\]${debian_chroot:+($debian_chroot)}\[\033[01;32m\]\u@\h\[\033[00m\]:\[\033[01;34m\]\w\[\033[00m\]\$ PYTHONPATH=/home/tersoo/autonomous-robot-logging-with-ROS2-jazzy/build/waypoint_runner/prefix_override:/usr/lib/python3/dist-packages/colcon_core/task/python/colcon_distutils_commands:/home/tersoo/autonomous-robot-logging-with-ROS2-jazzy/install/waypoint_runner/lib/python3.12/site-packages:${PYTHONPATH} VIRTUAL_ENV_PROMPT=(myenv) /usr/bin/python3 -W ignore:setup.py install is deprecated -W ignore:easy_install command is deprecated setup.py egg_info --egg-base ../../../build/waypoint_runner build --build-base /home/tersoo/autonomous-robot-logging-with-ROS2-jazzy/build/waypoint_runner/build install --record /home/tersoo/autonomous-robot-logging-with-ROS2-jazzy/build/waypoint_runner/install.log --single-version-externally-managed install_data
