[0.131s] DEBUG:colcon:Command line arguments: ['/usr/bin/colcon', 'build', '--packages-select', 'waypoint_runner']
[0.131s] DEBUG:colcon:Parsed command line arguments: Namespace(log_base=None, log_level=None, verb_name='build', build_base='build', install_base='install', merge_install=False, symlink_install=False, test_result_base=None, continue_on_error=False, executor='parallel', parallel_workers=12, event_handlers=None, ignore_user_meta=False, metas=['./colcon.meta'], base_paths=['.'], packages_ignore=None, packages_ignore_regex=None, paths=None, packages_up_to=None, packages_up_to_regex=None, packages_above=None, packages_above_and_dependencies=None, packages_above_depth=None, packages_select_by_dep=None, packages_skip_by_dep=None, packages_skip_up_to=None, packages_select_build_failed=False, packages_skip_build_finished=False, packages_select_test_failures=False, packages_skip_test_passed=False, packages_select=['waypoint_runner'], packages_skip=None, packages_select_regex=None, packages_skip_regex=None, packages_start=None, packages_end=None, allow_overriding=[], cmake_args=None, cmake_target=None, cmake_target_skip_unavailable=False, cmake_clean_cache=False, cmake_clean_first=False, cmake_force_configure=False, ament_cmake_args=None, catkin_cmake_args=None, catkin_skip_building_tests=False, mixin_files=None, mixin=None, verb_parser=<colcon_mixin.mixin.mixin_argument.MixinArgumentDecorator object at 0x782fd19a21e0>, verb_extension=<colcon_core.verb.build.BuildVerb object at 0x782fd19a1e50>, main=<bound method BuildVerb.main of <colcon_core.verb.build.BuildVerb object at 0x782fd19a1e50>>, mixin_verb=('build',))
[0.175s] Level 1:colcon.colcon_core.package_discovery:discover_packages(colcon_meta) check parameters
[0.175s] Level 1:colcon.colcon_core.package_discovery:discover_packages(recursive) check parameters
[0.175s] Level 1:colcon.colcon_core.package_discovery:discover_packages(ignore) check parameters
[0.175s] Level 1:colcon.colcon_core.package_discovery:discover_packages(path) check parameters
[0.175s] Level 1:colcon.colcon_core.package_discovery:discover_packages(colcon_meta) discover
[0.175s] Level 1:colcon.colcon_core.package_discovery:discover_packages(recursive) discover
[0.175s] INFO:colcon.colcon_core.package_discovery:Crawling recursively for packages in '/home/tersoo/autonomous-robot-logging-with-ROS2-jazzy/myros2_ws'
[0.175s] Level 1:colcon.colcon_core.package_identification:_identify(.) by extensions ['ignore', 'ignore_ament_install']
[0.175s] Level 1:colcon.colcon_core.package_identification:_identify(.) by extension 'ignore'
[0.175s] Level 1:colcon.colcon_core.package_identification:_identify(.) by extension 'ignore_ament_install'
[0.175s] Level 1:colcon.colcon_core.package_identification:_identify(.) by extensions ['colcon_pkg']
[0.175s] Level 1:colcon.colcon_core.package_identification:_identify(.) by extension 'colcon_pkg'
[0.175s] Level 1:colcon.colcon_core.package_identification:_identify(.) by extensions ['colcon_meta']
[0.175s] Level 1:colcon.colcon_core.package_identification:_identify(.) by extension 'colcon_meta'
[0.175s] Level 1:colcon.colcon_core.package_identification:_identify(.) by extensions ['ros']
[0.176s] Level 1:colcon.colcon_core.package_identification:_identify(.) by extension 'ros'
[0.204s] Level 1:colcon.colcon_core.package_identification:_identify(.) by extensions ['cmake', 'python']
[0.204s] Level 1:colcon.colcon_core.package_identification:_identify(.) by extension 'cmake'
[0.204s] Level 1:colcon.colcon_core.package_identification:_identify(.) by extension 'python'
[0.204s] Level 1:colcon.colcon_core.package_identification:_identify(.) by extensions ['python_setup_py']
[0.204s] Level 1:colcon.colcon_core.package_identification:_identify(.) by extension 'python_setup_py'
[0.204s] Level 1:colcon.colcon_core.package_identification:_identify(build) by extensions ['ignore', 'ignore_ament_install']
[0.204s] Level 1:colcon.colcon_core.package_identification:_identify(build) by extension 'ignore'
[0.204s] Level 1:colcon.colcon_core.package_identification:_identify(build) ignored
[0.205s] Level 1:colcon.colcon_core.package_identification:_identify(install) by extensions ['ignore', 'ignore_ament_install']
[0.205s] Level 1:colcon.colcon_core.package_identification:_identify(install) by extension 'ignore'
[0.205s] Level 1:colcon.colcon_core.package_identification:_identify(install) ignored
[0.205s] Level 1:colcon.colcon_core.package_identification:_identify(log) by extensions ['ignore', 'ignore_ament_install']
[0.205s] Level 1:colcon.colcon_core.package_identification:_identify(log) by extension 'ignore'
[0.205s] Level 1:colcon.colcon_core.package_identification:_identify(log) ignored
[0.205s] Level 1:colcon.colcon_core.package_identification:_identify(src) by extensions ['ignore', 'ignore_ament_install']
[0.205s] Level 1:colcon.colcon_core.package_identification:_identify(src) by extension 'ignore'
[0.206s] Level 1:colcon.colcon_core.package_identification:_identify(src) by extension 'ignore_ament_install'
[0.206s] Level 1:colcon.colcon_core.package_identification:_identify(src) by extensions ['colcon_pkg']
[0.206s] Level 1:colcon.colcon_core.package_identification:_identify(src) by extension 'colcon_pkg'
[0.206s] Level 1:colcon.colcon_core.package_identification:_identify(src) by extensions ['colcon_meta']
[0.206s] Level 1:colcon.colcon_core.package_identification:_identify(src) by extension 'colcon_meta'
[0.206s] Level 1:colcon.colcon_core.package_identification:_identify(src) by extensions ['ros']
[0.206s] Level 1:colcon.colcon_core.package_identification:_identify(src) by extension 'ros'
[0.206s] Level 1:colcon.colcon_core.package_identification:_identify(src) by extensions ['cmake', 'python']
[0.206s] Level 1:colcon.colcon_core.package_identification:_identify(src) by extension 'cmake'
[0.206s] Level 1:colcon.colcon_core.package_identification:_identify(src) by extension 'python'
[0.206s] Level 1:colcon.colcon_core.package_identification:_identify(src) by extensions ['python_setup_py']
[0.206s] Level 1:colcon.colcon_core.package_identification:_identify(src) by extension 'python_setup_py'
[0.206s] Level 1:colcon.colcon_core.package_identification:_identify(src/robot_logging) by extensions ['ignore', 'ignore_ament_install']
[0.206s] Level 1:colcon.colcon_core.package_identification:_identify(src/robot_logging) by extension 'ignore'
[0.206s] Level 1:colcon.colcon_core.package_identification:_identify(src/robot_logging) by extension 'ignore_ament_install'
[0.207s] Level 1:colcon.colcon_core.package_identification:_identify(src/robot_logging) by extensions ['colcon_pkg']
[0.207s] Level 1:colcon.colcon_core.package_identification:_identify(src/robot_logging) by extension 'colcon_pkg'
[0.207s] Level 1:colcon.colcon_core.package_identification:_identify(src/robot_logging) by extensions ['colcon_meta']
[0.207s] Level 1:colcon.colcon_core.package_identification:_identify(src/robot_logging) by extension 'colcon_meta'
[0.207s] Level 1:colcon.colcon_core.package_identification:_identify(src/robot_logging) by extensions ['ros']
[0.207s] Level 1:colcon.colcon_core.package_identification:_identify(src/robot_logging) by extension 'ros'
[0.212s] DEBUG:colcon.colcon_core.package_identification:Package 'src/robot_logging' with type 'ros.ament_cmake' and name 'robot_logging'
[0.213s] Level 1:colcon.colcon_core.package_identification:_identify(src/twist_bridge) by extensions ['ignore', 'ignore_ament_install']
[0.213s] Level 1:colcon.colcon_core.package_identification:_identify(src/twist_bridge) by extension 'ignore'
[0.213s] Level 1:colcon.colcon_core.package_identification:_identify(src/twist_bridge) by extension 'ignore_ament_install'
[0.213s] Level 1:colcon.colcon_core.package_identification:_identify(src/twist_bridge) by extensions ['colcon_pkg']
[0.213s] Level 1:colcon.colcon_core.package_identification:_identify(src/twist_bridge) by extension 'colcon_pkg'
[0.213s] Level 1:colcon.colcon_core.package_identification:_identify(src/twist_bridge) by extensions ['colcon_meta']
[0.213s] Level 1:colcon.colcon_core.package_identification:_identify(src/twist_bridge) by extension 'colcon_meta'
[0.213s] Level 1:colcon.colcon_core.package_identification:_identify(src/twist_bridge) by extensions ['ros']
[0.213s] Level 1:colcon.colcon_core.package_identification:_identify(src/twist_bridge) by extension 'ros'
[0.214s] DEBUG:colcon.colcon_core.package_identification:Package 'src/twist_bridge' with type 'ros.ament_python' and name 'twist_bridge'
[0.214s] Level 1:colcon.colcon_core.package_identification:_identify(src/waypoint_runner) by extensions ['ignore', 'ignore_ament_install']
[0.214s] Level 1:colcon.colcon_core.package_identification:_identify(src/waypoint_runner) by extension 'ignore'
[0.214s] Level 1:colcon.colcon_core.package_identification:_identify(src/waypoint_runner) by extension 'ignore_ament_install'
[0.214s] Level 1:colcon.colcon_core.package_identification:_identify(src/waypoint_runner) by extensions ['colcon_pkg']
[0.214s] Level 1:colcon.colcon_core.package_identification:_identify(src/waypoint_runner) by extension 'colcon_pkg'
[0.214s] Level 1:colcon.colcon_core.package_identification:_identify(src/waypoint_runner) by extensions ['colcon_meta']
[0.214s] Level 1:colcon.colcon_core.package_identification:_identify(src/waypoint_runner) by extension 'colcon_meta'
[0.214s] Level 1:colcon.colcon_core.package_identification:_identify(src/waypoint_runner) by extensions ['ros']
[0.214s] Level 1:colcon.colcon_core.package_identification:_identify(src/waypoint_runner) by extension 'ros'
[0.215s] DEBUG:colcon.colcon_core.package_identification:Package 'src/waypoint_runner' with type 'ros.ament_python' and name 'waypoint_runner'
[0.215s] Level 1:colcon.colcon_core.package_discovery:discover_packages(recursive) using defaults
[0.215s] Level 1:colcon.colcon_core.package_discovery:discover_packages(ignore) discover
[0.215s] Level 1:colcon.colcon_core.package_discovery:discover_packages(ignore) using defaults
[0.215s] Level 1:colcon.colcon_core.package_discovery:discover_packages(path) discover
[0.215s] Level 1:colcon.colcon_core.package_discovery:discover_packages(path) using defaults
[0.319s] INFO:colcon.colcon_core.package_selection:Skipping not selected package 'robot_logging' in 'src/robot_logging'
[0.319s] INFO:colcon.colcon_core.package_selection:Skipping not selected package 'twist_bridge' in 'src/twist_bridge'
[0.320s] Level 1:colcon.colcon_core.package_discovery:discover_packages(prefix_path) check parameters
[0.320s] Level 1:colcon.colcon_core.package_discovery:discover_packages(prefix_path) discover
[0.322s] DEBUG:colcon.colcon_installed_package_information.package_discovery:Found 2 installed packages in /home/tersoo/autonomous-robot-logging-with-ROS2-jazzy/install
[0.323s] DEBUG:colcon.colcon_installed_package_information.package_discovery:Found 14 installed packages in /home/tersoo/autonomous-robot-logging-with-ROS2-jazzy/myros2_ws/install
[0.326s] DEBUG:colcon.colcon_installed_package_information.package_discovery:Found 412 installed packages in /opt/ros/jazzy
[0.328s] Level 1:colcon.colcon_core.package_discovery:discover_packages(prefix_path) using defaults
[0.412s] Level 5:colcon.colcon_core.verb:set package 'waypoint_runner' build argument 'cmake_args' from command line to 'None'
[0.412s] Level 5:colcon.colcon_core.verb:set package 'waypoint_runner' build argument 'cmake_target' from command line to 'None'
[0.412s] Level 5:colcon.colcon_core.verb:set package 'waypoint_runner' build argument 'cmake_target_skip_unavailable' from command line to 'False'
[0.412s] Level 5:colcon.colcon_core.verb:set package 'waypoint_runner' build argument 'cmake_clean_cache' from command line to 'False'
[0.412s] Level 5:colcon.colcon_core.verb:set package 'waypoint_runner' build argument 'cmake_clean_first' from command line to 'False'
[0.412s] Level 5:colcon.colcon_core.verb:set package 'waypoint_runner' build argument 'cmake_force_configure' from command line to 'False'
[0.412s] Level 5:colcon.colcon_core.verb:set package 'waypoint_runner' build argument 'ament_cmake_args' from command line to 'None'
[0.412s] Level 5:colcon.colcon_core.verb:set package 'waypoint_runner' build argument 'catkin_cmake_args' from command line to 'None'
[0.412s] Level 5:colcon.colcon_core.verb:set package 'waypoint_runner' build argument 'catkin_skip_building_tests' from command line to 'False'
[0.412s] DEBUG:colcon.colcon_core.verb:Building package 'waypoint_runner' with the following arguments: {'ament_cmake_args': None, 'build_base': '/home/tersoo/autonomous-robot-logging-with-ROS2-jazzy/myros2_ws/build/waypoint_runner', 'catkin_cmake_args': None, 'catkin_skip_building_tests': False, 'cmake_args': None, 'cmake_clean_cache': False, 'cmake_clean_first': False, 'cmake_force_configure': False, 'cmake_target': None, 'cmake_target_skip_unavailable': False, 'install_base': '/home/tersoo/autonomous-robot-logging-with-ROS2-jazzy/myros2_ws/install/waypoint_runner', 'merge_install': False, 'path': '/home/tersoo/autonomous-robot-logging-with-ROS2-jazzy/myros2_ws/src/waypoint_runner', 'symlink_install': False, 'test_result_base': None}
[0.413s] INFO:colcon.colcon_core.executor:Executing jobs using 'parallel' executor
[0.414s] DEBUG:colcon.colcon_parallel_executor.executor.parallel:run_until_complete
[0.414s] INFO:colcon.colcon_ros.task.ament_python.build:Building ROS package in '/home/tersoo/autonomous-robot-logging-with-ROS2-jazzy/myros2_ws/src/waypoint_runner' with build type 'ament_python'
[0.414s] Level 1:colcon.colcon_core.shell:create_environment_hook('waypoint_runner', 'ament_prefix_path')
[0.417s] INFO:colcon.colcon_core.plugin_system:Skipping extension 'colcon_core.shell.bat': Not used on non-Windows systems
[0.417s] INFO:colcon.colcon_core.shell:Creating environment hook '/home/tersoo/autonomous-robot-logging-with-ROS2-jazzy/myros2_ws/install/waypoint_runner/share/waypoint_runner/hook/ament_prefix_path.ps1'
[0.418s] INFO:colcon.colcon_core.shell:Creating environment descriptor '/home/tersoo/autonomous-robot-logging-with-ROS2-jazzy/myros2_ws/install/waypoint_runner/share/waypoint_runner/hook/ament_prefix_path.dsv'
[0.418s] INFO:colcon.colcon_core.shell:Creating environment hook '/home/tersoo/autonomous-robot-logging-with-ROS2-jazzy/myros2_ws/install/waypoint_runner/share/waypoint_runner/hook/ament_prefix_path.sh'
[0.419s] INFO:colcon.colcon_core.shell:Skip shell extension 'powershell' for command environment: Not usable outside of PowerShell
[0.419s] DEBUG:colcon.colcon_core.shell:Skip shell extension 'dsv' for command environment
[0.431s] WARNING:colcon.colcon_ros.task.ament_python.build:Package 'waypoint_runner' doesn't explicitly install a marker in the package index (colcon-ros currently does it implicitly but that fallback will be removed in the future)
[0.431s] WARNING:colcon.colcon_ros.task.ament_python.build:Package 'waypoint_runner' doesn't explicitly install the 'package.xml' file (colcon-ros currently does it implicitly but that fallback will be removed in the future)
[0.431s] INFO:colcon.colcon_core.task.python.build:Building Python package in '/home/tersoo/autonomous-robot-logging-with-ROS2-jazzy/myros2_ws/src/waypoint_runner'
[0.432s] INFO:colcon.colcon_core.shell:Skip shell extension 'powershell' for command environment: Not usable outside of PowerShell
[0.432s] DEBUG:colcon.colcon_core.shell:Skip shell extension 'dsv' for command environment
[1.239s] DEBUG:colcon.colcon_core.event_handler.log_command:Invoking command in '/home/tersoo/autonomous-robot-logging-with-ROS2-jazzy/myros2_ws/src/waypoint_runner': DEBUGINFOD_URLS=https://debuginfod.ubuntu.com PS1=(myenv) \[\e]0;\u@\h: \w\a\]${debian_chroot:+($debian_chroot)}\[\033[01;32m\]\u@\h\[\033[00m\]:\[\033[01;34m\]\w\[\033[00m\]\$ PYTHONPATH=/home/tersoo/autonomous-robot-logging-with-ROS2-jazzy/myros2_ws/build/waypoint_runner/prefix_override:/usr/lib/python3/dist-packages/colcon_core/task/python/colcon_distutils_commands:/home/tersoo/autonomous-robot-logging-with-ROS2-jazzy/myros2_ws/install/waypoint_runner/lib/python3.12/site-packages:${PYTHONPATH} VIRTUAL_ENV_PROMPT=(myenv) /usr/bin/python3 -W ignore:setup.py install is deprecated -W ignore:easy_install command is deprecated setup.py egg_info --egg-base ../../build/waypoint_runner build --build-base /home/tersoo/autonomous-robot-logging-with-ROS2-jazzy/myros2_ws/build/waypoint_runner/build install --record /home/tersoo/autonomous-robot-logging-with-ROS2-jazzy/myros2_ws/build/waypoint_runner/install.log --single-version-externally-managed
[1.927s] DEBUG:colcon.colcon_core.event_handler.log_command:Invoked command in '/home/tersoo/autonomous-robot-logging-with-ROS2-jazzy/myros2_ws/src/waypoint_runner' returned '0': DEBUGINFOD_URLS=https://debuginfod.ubuntu.com PS1=(myenv) \[\e]0;\u@\h: \w\a\]${debian_chroot:+($debian_chroot)}\[\033[01;32m\]\u@\h\[\033[00m\]:\[\033[01;34m\]\w\[\033[00m\]\$ PYTHONPATH=/home/tersoo/autonomous-robot-logging-with-ROS2-jazzy/myros2_ws/build/waypoint_runner/prefix_override:/usr/lib/python3/dist-packages/colcon_core/task/python/colcon_distutils_commands:/home/tersoo/autonomous-robot-logging-with-ROS2-jazzy/myros2_ws/install/waypoint_runner/lib/python3.12/site-packages:${PYTHONPATH} VIRTUAL_ENV_PROMPT=(myenv) /usr/bin/python3 -W ignore:setup.py install is deprecated -W ignore:easy_install command is deprecated setup.py egg_info --egg-base ../../build/waypoint_runner build --build-base /home/tersoo/autonomous-robot-logging-with-ROS2-jazzy/myros2_ws/build/waypoint_runner/build install --record /home/tersoo/autonomous-robot-logging-with-ROS2-jazzy/myros2_ws/build/waypoint_runner/install.log --single-version-externally-managed
[1.933s] Level 1:colcon.colcon_core.environment:checking '/home/tersoo/autonomous-robot-logging-with-ROS2-jazzy/myros2_ws/install/waypoint_runner' for CMake module files
[1.934s] Level 1:colcon.colcon_core.environment:checking '/home/tersoo/autonomous-robot-logging-with-ROS2-jazzy/myros2_ws/install/waypoint_runner' for CMake config files
[1.936s] Level 1:colcon.colcon_core.environment:checking '/home/tersoo/autonomous-robot-logging-with-ROS2-jazzy/myros2_ws/install/waypoint_runner/lib'
[1.937s] Level 1:colcon.colcon_core.environment:checking '/home/tersoo/autonomous-robot-logging-with-ROS2-jazzy/myros2_ws/install/waypoint_runner/bin'
[1.937s] Level 1:colcon.colcon_core.shell:create_environment_hook('waypoint_runner', 'path')
[1.938s] INFO:colcon.colcon_core.shell:Creating environment hook '/home/tersoo/autonomous-robot-logging-with-ROS2-jazzy/myros2_ws/install/waypoint_runner/share/waypoint_runner/hook/path.ps1'
[1.939s] INFO:colcon.colcon_core.shell:Creating environment descriptor '/home/tersoo/autonomous-robot-logging-with-ROS2-jazzy/myros2_ws/install/waypoint_runner/share/waypoint_runner/hook/path.dsv'
[1.940s] INFO:colcon.colcon_core.shell:Creating environment hook '/home/tersoo/autonomous-robot-logging-with-ROS2-jazzy/myros2_ws/install/waypoint_runner/share/waypoint_runner/hook/path.sh'
[1.941s] Level 1:colcon.colcon_core.environment:checking '/home/tersoo/autonomous-robot-logging-with-ROS2-jazzy/myros2_ws/install/waypoint_runner/lib/pkgconfig/waypoint_runner.pc'
[1.942s] Level 1:colcon.colcon_core.environment:checking '/home/tersoo/autonomous-robot-logging-with-ROS2-jazzy/myros2_ws/install/waypoint_runner/lib/python3.12/site-packages'
[1.942s] Level 1:colcon.colcon_core.shell:create_environment_hook('waypoint_runner', 'pythonpath')
[1.942s] INFO:colcon.colcon_core.shell:Creating environment hook '/home/tersoo/autonomous-robot-logging-with-ROS2-jazzy/myros2_ws/install/waypoint_runner/share/waypoint_runner/hook/pythonpath.ps1'
[1.944s] INFO:colcon.colcon_core.shell:Creating environment descriptor '/home/tersoo/autonomous-robot-logging-with-ROS2-jazzy/myros2_ws/install/waypoint_runner/share/waypoint_runner/hook/pythonpath.dsv'
[1.945s] INFO:colcon.colcon_core.shell:Creating environment hook '/home/tersoo/autonomous-robot-logging-with-ROS2-jazzy/myros2_ws/install/waypoint_runner/share/waypoint_runner/hook/pythonpath.sh'
[1.946s] Level 1:colcon.colcon_core.environment:checking '/home/tersoo/autonomous-robot-logging-with-ROS2-jazzy/myros2_ws/install/waypoint_runner/bin'
[1.947s] Level 1:colcon.colcon_core.shell:create_environment_hook('waypoint_runner', 'pythonscriptspath')
[1.947s] INFO:colcon.colcon_core.shell:Creating environment hook '/home/tersoo/autonomous-robot-logging-with-ROS2-jazzy/myros2_ws/install/waypoint_runner/share/waypoint_runner/hook/pythonscriptspath.ps1'
[1.948s] INFO:colcon.colcon_core.shell:Creating environment descriptor '/home/tersoo/autonomous-robot-logging-with-ROS2-jazzy/myros2_ws/install/waypoint_runner/share/waypoint_runner/hook/pythonscriptspath.dsv'
[1.949s] INFO:colcon.colcon_core.shell:Creating environment hook '/home/tersoo/autonomous-robot-logging-with-ROS2-jazzy/myros2_ws/install/waypoint_runner/share/waypoint_runner/hook/pythonscriptspath.sh'
[1.950s] Level 1:colcon.colcon_core.environment:create_environment_scripts_only(waypoint_runner)
[1.951s] INFO:colcon.colcon_core.shell:Creating package script '/home/tersoo/autonomous-robot-logging-with-ROS2-jazzy/myros2_ws/install/waypoint_runner/share/waypoint_runner/package.ps1'
[1.953s] INFO:colcon.colcon_core.shell:Creating package descriptor '/home/tersoo/autonomous-robot-logging-with-ROS2-jazzy/myros2_ws/install/waypoint_runner/share/waypoint_runner/package.dsv'
[1.955s] INFO:colcon.colcon_core.shell:Creating package script '/home/tersoo/autonomous-robot-logging-with-ROS2-jazzy/myros2_ws/install/waypoint_runner/share/waypoint_runner/package.sh'
[1.957s] INFO:colcon.colcon_core.shell:Creating package script '/home/tersoo/autonomous-robot-logging-with-ROS2-jazzy/myros2_ws/install/waypoint_runner/share/waypoint_runner/package.bash'
[1.959s] INFO:colcon.colcon_core.shell:Creating package script '/home/tersoo/autonomous-robot-logging-with-ROS2-jazzy/myros2_ws/install/waypoint_runner/share/waypoint_runner/package.zsh'
[1.961s] Level 1:colcon.colcon_core.environment:create_file_with_runtime_dependencies(/home/tersoo/autonomous-robot-logging-with-ROS2-jazzy/myros2_ws/install/waypoint_runner/share/colcon-core/packages/waypoint_runner)
[1.961s] DEBUG:colcon.colcon_parallel_executor.executor.parallel:closing loop
[1.963s] DEBUG:colcon.colcon_parallel_executor.executor.parallel:loop closed
[1.963s] DEBUG:colcon.colcon_parallel_executor.executor.parallel:run_until_complete finished with '0'
[1.963s] DEBUG:colcon.colcon_core.event_reactor:joining thread
[1.979s] INFO:colcon.colcon_core.plugin_system:Skipping extension 'colcon_notification.desktop_notification.terminal_notifier': Not used on non-Darwin systems
[1.979s] INFO:colcon.colcon_core.plugin_system:Skipping extension 'colcon_notification.desktop_notification.win32': Not used on non-Windows systems
[1.979s] INFO:colcon.colcon_notification.desktop_notification:Sending desktop notification using 'notify2'
[2.009s] DEBUG:colcon.colcon_core.event_reactor:joined thread
[2.010s] INFO:colcon.colcon_core.shell:Creating prefix script '/home/tersoo/autonomous-robot-logging-with-ROS2-jazzy/myros2_ws/install/local_setup.ps1'
[2.012s] INFO:colcon.colcon_core.shell:Creating prefix util module '/home/tersoo/autonomous-robot-logging-with-ROS2-jazzy/myros2_ws/install/_local_setup_util_ps1.py'
[2.015s] INFO:colcon.colcon_core.shell:Creating prefix chain script '/home/tersoo/autonomous-robot-logging-with-ROS2-jazzy/myros2_ws/install/setup.ps1'
[2.019s] INFO:colcon.colcon_core.shell:Creating prefix script '/home/tersoo/autonomous-robot-logging-with-ROS2-jazzy/myros2_ws/install/local_setup.sh'
[2.020s] INFO:colcon.colcon_core.shell:Creating prefix util module '/home/tersoo/autonomous-robot-logging-with-ROS2-jazzy/myros2_ws/install/_local_setup_util_sh.py'
[2.021s] INFO:colcon.colcon_core.shell:Creating prefix chain script '/home/tersoo/autonomous-robot-logging-with-ROS2-jazzy/myros2_ws/install/setup.sh'
[2.025s] INFO:colcon.colcon_core.shell:Creating prefix script '/home/tersoo/autonomous-robot-logging-with-ROS2-jazzy/myros2_ws/install/local_setup.bash'
[2.026s] INFO:colcon.colcon_core.shell:Creating prefix chain script '/home/tersoo/autonomous-robot-logging-with-ROS2-jazzy/myros2_ws/install/setup.bash'
[2.030s] INFO:colcon.colcon_core.shell:Creating prefix script '/home/tersoo/autonomous-robot-logging-with-ROS2-jazzy/myros2_ws/install/local_setup.zsh'
[2.032s] INFO:colcon.colcon_core.shell:Creating prefix chain script '/home/tersoo/autonomous-robot-logging-with-ROS2-jazzy/myros2_ws/install/setup.zsh'
