[0.018s] Invoking command in '/home/tersoo/autonomous-robot-logging-with-ROS2-jazzy/myros2_ws/build/robot_logging': CMAKE_PREFIX_PATH=${CMAKE_PREFIX_PATH}:/opt/ros/jazzy DEBUGINFOD_URLS=https://debuginfod.ubuntu.com /usr/bin/cmake --build /home/tersoo/autonomous-robot-logging-with-ROS2-jazzy/myros2_ws/build/robot_logging -- -j12 -l12
[0.060s] -- Found ament_cmake: 2.5.4 (/opt/ros/jazzy/share/ament_cmake/cmake)
[0.355s] -- Found urdf: 2.10.0 (/opt/ros/jazzy/share/urdf/cmake)
[0.396s] -- Found TinyXML2 via Config file: /usr/lib/x86_64-linux-gnu/cmake/tinyxml2
[0.401s] -- Found ament_lint_auto: 0.17.2 (/opt/ros/jazzy/share/ament_lint_auto/cmake)
[0.533s] -- Added test 'flake8' to check Python code syntax and style conventions
[0.533s] -- Configured 'flake8' exclude dirs and/or files: 
[0.534s] -- Added test 'lint_cmake' to check CMake code style
[0.534s] -- Added test 'pep257' to check Python code against some of the docstring style conventions in PEP 257
[0.537s] -- Added test 'xmllint' to check XML markup files
[0.537s] -- Configuring done (0.5s)
[0.542s] -- Generating done (0.0s)
[0.545s] -- Build files have been written to: /home/tersoo/autonomous-robot-logging-with-ROS2-jazzy/myros2_ws/build/robot_logging
[0.590s] Invoked command in '/home/tersoo/autonomous-robot-logging-with-ROS2-jazzy/myros2_ws/build/robot_logging' returned '0': CMAKE_PREFIX_PATH=${CMAKE_PREFIX_PATH}:/opt/ros/jazzy DEBUGINFOD_URLS=https://debuginfod.ubuntu.com /usr/bin/cmake --build /home/tersoo/autonomous-robot-logging-with-ROS2-jazzy/myros2_ws/build/robot_logging -- -j12 -l12
[0.615s] Invoking command in '/home/tersoo/autonomous-robot-logging-with-ROS2-jazzy/myros2_ws/build/robot_logging': CMAKE_PREFIX_PATH=${CMAKE_PREFIX_PATH}:/opt/ros/jazzy DEBUGINFOD_URLS=https://debuginfod.ubuntu.com /usr/bin/cmake --install /home/tersoo/autonomous-robot-logging-with-ROS2-jazzy/myros2_ws/build/robot_logging
[0.625s] -- Install configuration: ""
[0.626s] -- Up-to-date: /home/tersoo/autonomous-robot-logging-with-ROS2-jazzy/myros2_ws/install/robot_logging/share/robot_logging/meshes
[0.626s] -- Up-to-date: /home/tersoo/autonomous-robot-logging-with-ROS2-jazzy/myros2_ws/install/robot_logging/share/robot_logging/meshes/rl_wheel.STL
[0.626s] -- Up-to-date: /home/tersoo/autonomous-robot-logging-with-ROS2-jazzy/myros2_ws/install/robot_logging/share/robot_logging/meshes/fl_wheel.STL
[0.627s] -- Up-to-date: /home/tersoo/autonomous-robot-logging-with-ROS2-jazzy/myros2_ws/install/robot_logging/share/robot_logging/meshes/fr_wheel.STL
[0.627s] -- Up-to-date: /home/tersoo/autonomous-robot-logging-with-ROS2-jazzy/myros2_ws/install/robot_logging/share/robot_logging/meshes/base_link.STL
[0.628s] -- Up-to-date: /home/tersoo/autonomous-robot-logging-with-ROS2-jazzy/myros2_ws/install/robot_logging/share/robot_logging/meshes/lidar_link.STL
[0.628s] -- Up-to-date: /home/tersoo/autonomous-robot-logging-with-ROS2-jazzy/myros2_ws/install/robot_logging/share/robot_logging/meshes/rr_wheel.STL
[0.628s] -- Up-to-date: /home/tersoo/autonomous-robot-logging-with-ROS2-jazzy/myros2_ws/install/robot_logging/share/robot_logging/urdf
[0.628s] -- Up-to-date: /home/tersoo/autonomous-robot-logging-with-ROS2-jazzy/myros2_ws/install/robot_logging/share/robot_logging/urdf/skid_steer_gazebo.xacro
[0.629s] -- Up-to-date: /home/tersoo/autonomous-robot-logging-with-ROS2-jazzy/myros2_ws/install/robot_logging/share/robot_logging/urdf/skid_steer.urdf.xacro
[0.629s] -- Up-to-date: /home/tersoo/autonomous-robot-logging-with-ROS2-jazzy/myros2_ws/install/robot_logging/share/robot_logging/urdf/skid_steer_ros2_control.xacro
[0.629s] -- Up-to-date: /home/tersoo/autonomous-robot-logging-with-ROS2-jazzy/myros2_ws/install/robot_logging/share/robot_logging/launch
[0.630s] -- Installing: /home/tersoo/autonomous-robot-logging-with-ROS2-jazzy/myros2_ws/install/robot_logging/share/robot_logging/launch/gazebo.launch.py
[0.630s] -- Up-to-date: /home/tersoo/autonomous-robot-logging-with-ROS2-jazzy/myros2_ws/install/robot_logging/share/robot_logging/launch/display.launch.py
[0.630s] -- Up-to-date: /home/tersoo/autonomous-robot-logging-with-ROS2-jazzy/myros2_ws/install/robot_logging/share/robot_logging/config
[0.631s] -- Up-to-date: /home/tersoo/autonomous-robot-logging-with-ROS2-jazzy/myros2_ws/install/robot_logging/share/robot_logging/config/controllers.yaml
[0.631s] -- Installing: /home/tersoo/autonomous-robot-logging-with-ROS2-jazzy/myros2_ws/install/robot_logging/share/robot_logging/worlds
[0.632s] -- Installing: /home/tersoo/autonomous-robot-logging-with-ROS2-jazzy/myros2_ws/install/robot_logging/share/robot_logging/worlds/teranova.sdf
[0.632s] -- Up-to-date: /home/tersoo/autonomous-robot-logging-with-ROS2-jazzy/myros2_ws/install/robot_logging/share/ament_index/resource_index/package_run_dependencies/robot_logging
[0.633s] -- Up-to-date: /home/tersoo/autonomous-robot-logging-with-ROS2-jazzy/myros2_ws/install/robot_logging/share/ament_index/resource_index/parent_prefix_path/robot_logging
[0.634s] -- Up-to-date: /home/tersoo/autonomous-robot-logging-with-ROS2-jazzy/myros2_ws/install/robot_logging/share/robot_logging/environment/ament_prefix_path.sh
[0.634s] -- Up-to-date: /home/tersoo/autonomous-robot-logging-with-ROS2-jazzy/myros2_ws/install/robot_logging/share/robot_logging/environment/ament_prefix_path.dsv
[0.636s] -- Up-to-date: /home/tersoo/autonomous-robot-logging-with-ROS2-jazzy/myros2_ws/install/robot_logging/share/robot_logging/environment/path.sh
[0.636s] -- Up-to-date: /home/tersoo/autonomous-robot-logging-with-ROS2-jazzy/myros2_ws/install/robot_logging/share/robot_logging/environment/path.dsv
[0.636s] -- Up-to-date: /home/tersoo/autonomous-robot-logging-with-ROS2-jazzy/myros2_ws/install/robot_logging/share/robot_logging/local_setup.bash
[0.637s] -- Up-to-date: /home/tersoo/autonomous-robot-logging-with-ROS2-jazzy/myros2_ws/install/robot_logging/share/robot_logging/local_setup.sh
[0.637s] -- Up-to-date: /home/tersoo/autonomous-robot-logging-with-ROS2-jazzy/myros2_ws/install/robot_logging/share/robot_logging/local_setup.zsh
[0.637s] -- Up-to-date: /home/tersoo/autonomous-robot-logging-with-ROS2-jazzy/myros2_ws/install/robot_logging/share/robot_logging/local_setup.dsv
[0.638s] -- Installing: /home/tersoo/autonomous-robot-logging-with-ROS2-jazzy/myros2_ws/install/robot_logging/share/robot_logging/package.dsv
[0.638s] -- Up-to-date: /home/tersoo/autonomous-robot-logging-with-ROS2-jazzy/myros2_ws/install/robot_logging/share/ament_index/resource_index/packages/robot_logging
[0.638s] -- Up-to-date: /home/tersoo/autonomous-robot-logging-with-ROS2-jazzy/myros2_ws/install/robot_logging/share/robot_logging/cmake/robot_loggingConfig.cmake
[0.638s] -- Up-to-date: /home/tersoo/autonomous-robot-logging-with-ROS2-jazzy/myros2_ws/install/robot_logging/share/robot_logging/cmake/robot_loggingConfig-version.cmake
[0.639s] -- Installing: /home/tersoo/autonomous-robot-logging-with-ROS2-jazzy/myros2_ws/install/robot_logging/share/robot_logging/package.xml
[0.639s] Invoked command in '/home/tersoo/autonomous-robot-logging-with-ROS2-jazzy/myros2_ws/build/robot_logging' returned '0': CMAKE_PREFIX_PATH=${CMAKE_PREFIX_PATH}:/opt/ros/jazzy DEBUGINFOD_URLS=https://debuginfod.ubuntu.com /usr/bin/cmake --install /home/tersoo/autonomous-robot-logging-with-ROS2-jazzy/myros2_ws/build/robot_logging
