[0.140s] DEBUG:colcon:Command line arguments: ['/usr/bin/colcon', 'build']
[0.140s] DEBUG:colcon:Parsed command line arguments: Namespace(log_base=None, log_level=None, verb_name='build', build_base='build', install_base='install', merge_install=False, symlink_install=False, test_result_base=None, continue_on_error=False, executor='parallel', parallel_workers=12, event_handlers=None, ignore_user_meta=False, metas=['./colcon.meta'], base_paths=['.'], packages_ignore=None, packages_ignore_regex=None, paths=None, packages_up_to=None, packages_up_to_regex=None, packages_above=None, packages_above_and_dependencies=None, packages_above_depth=None, packages_select_by_dep=None, packages_skip_by_dep=None, packages_skip_up_to=None, packages_select_build_failed=False, packages_skip_build_finished=False, packages_select_test_failures=False, packages_skip_test_passed=False, packages_select=None, packages_skip=None, packages_select_regex=None, packages_skip_regex=None, packages_start=None, packages_end=None, allow_overriding=[], cmake_args=None, cmake_target=None, cmake_target_skip_unavailable=False, cmake_clean_cache=False, cmake_clean_first=False, cmake_force_configure=False, ament_cmake_args=None, catkin_cmake_args=None, catkin_skip_building_tests=False, mixin_files=None, mixin=None, verb_parser=<colcon_mixin.mixin.mixin_argument.MixinArgumentDecorator object at 0x70d88d1962a0>, verb_extension=<colcon_core.verb.build.BuildVerb object at 0x70d88d195e50>, main=<bound method BuildVerb.main of <colcon_core.verb.build.BuildVerb object at 0x70d88d195e50>>, mixin_verb=('build',))
[0.183s] Level 1:colcon.colcon_core.package_discovery:discover_packages(colcon_meta) check parameters
[0.183s] Level 1:colcon.colcon_core.package_discovery:discover_packages(recursive) check parameters
[0.183s] Level 1:colcon.colcon_core.package_discovery:discover_packages(ignore) check parameters
[0.183s] Level 1:colcon.colcon_core.package_discovery:discover_packages(path) check parameters
[0.183s] Level 1:colcon.colcon_core.package_discovery:discover_packages(colcon_meta) discover
[0.184s] Level 1:colcon.colcon_core.package_discovery:discover_packages(recursive) discover
[0.184s] INFO:colcon.colcon_core.package_discovery:Crawling recursively for packages in '/home/tersoo/autonomous-robot-logging-with-ROS2-jazzy/myros2_ws'
[0.184s] Level 1:colcon.colcon_core.package_identification:_identify(.) by extensions ['ignore', 'ignore_ament_install']
[0.184s] Level 1:colcon.colcon_core.package_identification:_identify(.) by extension 'ignore'
[0.184s] Level 1:colcon.colcon_core.package_identification:_identify(.) by extension 'ignore_ament_install'
[0.184s] Level 1:colcon.colcon_core.package_identification:_identify(.) by extensions ['colcon_pkg']
[0.184s] Level 1:colcon.colcon_core.package_identification:_identify(.) by extension 'colcon_pkg'
[0.184s] Level 1:colcon.colcon_core.package_identification:_identify(.) by extensions ['colcon_meta']
[0.184s] Level 1:colcon.colcon_core.package_identification:_identify(.) by extension 'colcon_meta'
[0.184s] Level 1:colcon.colcon_core.package_identification:_identify(.) by extensions ['ros']
[0.184s] Level 1:colcon.colcon_core.package_identification:_identify(.) by extension 'ros'
[0.213s] Level 1:colcon.colcon_core.package_identification:_identify(.) by extensions ['cmake', 'python']
[0.213s] Level 1:colcon.colcon_core.package_identification:_identify(.) by extension 'cmake'
[0.213s] Level 1:colcon.colcon_core.package_identification:_identify(.) by extension 'python'
[0.213s] Level 1:colcon.colcon_core.package_identification:_identify(.) by extensions ['python_setup_py']
[0.213s] Level 1:colcon.colcon_core.package_identification:_identify(.) by extension 'python_setup_py'
[0.213s] Level 1:colcon.colcon_core.package_identification:_identify(build) by extensions ['ignore', 'ignore_ament_install']
[0.213s] Level 1:colcon.colcon_core.package_identification:_identify(build) by extension 'ignore'
[0.213s] Level 1:colcon.colcon_core.package_identification:_identify(build) ignored
[0.214s] Level 1:colcon.colcon_core.package_identification:_identify(install) by extensions ['ignore', 'ignore_ament_install']
[0.214s] Level 1:colcon.colcon_core.package_identification:_identify(install) by extension 'ignore'
[0.214s] Level 1:colcon.colcon_core.package_identification:_identify(install) ignored
[0.214s] Level 1:colcon.colcon_core.package_identification:_identify(log) by extensions ['ignore', 'ignore_ament_install']
[0.214s] Level 1:colcon.colcon_core.package_identification:_identify(log) by extension 'ignore'
[0.214s] Level 1:colcon.colcon_core.package_identification:_identify(log) ignored
[0.214s] Level 1:colcon.colcon_core.package_identification:_identify(src) by extensions ['ignore', 'ignore_ament_install']
[0.214s] Level 1:colcon.colcon_core.package_identification:_identify(src) by extension 'ignore'
[0.215s] Level 1:colcon.colcon_core.package_identification:_identify(src) by extension 'ignore_ament_install'
[0.215s] Level 1:colcon.colcon_core.package_identification:_identify(src) by extensions ['colcon_pkg']
[0.215s] Level 1:colcon.colcon_core.package_identification:_identify(src) by extension 'colcon_pkg'
[0.215s] Level 1:colcon.colcon_core.package_identification:_identify(src) by extensions ['colcon_meta']
[0.215s] Level 1:colcon.colcon_core.package_identification:_identify(src) by extension 'colcon_meta'
[0.215s] Level 1:colcon.colcon_core.package_identification:_identify(src) by extensions ['ros']
[0.215s] Level 1:colcon.colcon_core.package_identification:_identify(src) by extension 'ros'
[0.215s] Level 1:colcon.colcon_core.package_identification:_identify(src) by extensions ['cmake', 'python']
[0.215s] Level 1:colcon.colcon_core.package_identification:_identify(src) by extension 'cmake'
[0.215s] Level 1:colcon.colcon_core.package_identification:_identify(src) by extension 'python'
[0.215s] Level 1:colcon.colcon_core.package_identification:_identify(src) by extensions ['python_setup_py']
[0.215s] Level 1:colcon.colcon_core.package_identification:_identify(src) by extension 'python_setup_py'
[0.215s] Level 1:colcon.colcon_core.package_identification:_identify(src/robot_logging) by extensions ['ignore', 'ignore_ament_install']
[0.215s] Level 1:colcon.colcon_core.package_identification:_identify(src/robot_logging) by extension 'ignore'
[0.215s] Level 1:colcon.colcon_core.package_identification:_identify(src/robot_logging) by extension 'ignore_ament_install'
[0.215s] Level 1:colcon.colcon_core.package_identification:_identify(src/robot_logging) by extensions ['colcon_pkg']
[0.216s] Level 1:colcon.colcon_core.package_identification:_identify(src/robot_logging) by extension 'colcon_pkg'
[0.216s] Level 1:colcon.colcon_core.package_identification:_identify(src/robot_logging) by extensions ['colcon_meta']
[0.216s] Level 1:colcon.colcon_core.package_identification:_identify(src/robot_logging) by extension 'colcon_meta'
[0.216s] Level 1:colcon.colcon_core.package_identification:_identify(src/robot_logging) by extensions ['ros']
[0.216s] Level 1:colcon.colcon_core.package_identification:_identify(src/robot_logging) by extension 'ros'
[0.222s] DEBUG:colcon.colcon_core.package_identification:Package 'src/robot_logging' with type 'ros.ament_cmake' and name 'robot_logging'
[0.222s] Level 1:colcon.colcon_core.package_identification:_identify(src/twist_bridge) by extensions ['ignore', 'ignore_ament_install']
[0.222s] Level 1:colcon.colcon_core.package_identification:_identify(src/twist_bridge) by extension 'ignore'
[0.222s] Level 1:colcon.colcon_core.package_identification:_identify(src/twist_bridge) by extension 'ignore_ament_install'
[0.222s] Level 1:colcon.colcon_core.package_identification:_identify(src/twist_bridge) by extensions ['colcon_pkg']
[0.222s] Level 1:colcon.colcon_core.package_identification:_identify(src/twist_bridge) by extension 'colcon_pkg'
[0.222s] Level 1:colcon.colcon_core.package_identification:_identify(src/twist_bridge) by extensions ['colcon_meta']
[0.222s] Level 1:colcon.colcon_core.package_identification:_identify(src/twist_bridge) by extension 'colcon_meta'
[0.222s] Level 1:colcon.colcon_core.package_identification:_identify(src/twist_bridge) by extensions ['ros']
[0.222s] Level 1:colcon.colcon_core.package_identification:_identify(src/twist_bridge) by extension 'ros'
[0.223s] DEBUG:colcon.colcon_core.package_identification:Package 'src/twist_bridge' with type 'ros.ament_python' and name 'twist_bridge'
[0.223s] Level 1:colcon.colcon_core.package_identification:_identify(src/waypoint_runner) by extensions ['ignore', 'ignore_ament_install']
[0.223s] Level 1:colcon.colcon_core.package_identification:_identify(src/waypoint_runner) by extension 'ignore'
[0.223s] Level 1:colcon.colcon_core.package_identification:_identify(src/waypoint_runner) by extension 'ignore_ament_install'
[0.223s] Level 1:colcon.colcon_core.package_identification:_identify(src/waypoint_runner) by extensions ['colcon_pkg']
[0.224s] Level 1:colcon.colcon_core.package_identification:_identify(src/waypoint_runner) by extension 'colcon_pkg'
[0.224s] Level 1:colcon.colcon_core.package_identification:_identify(src/waypoint_runner) by extensions ['colcon_meta']
[0.224s] Level 1:colcon.colcon_core.package_identification:_identify(src/waypoint_runner) by extension 'colcon_meta'
[0.224s] Level 1:colcon.colcon_core.package_identification:_identify(src/waypoint_runner) by extensions ['ros']
[0.224s] Level 1:colcon.colcon_core.package_identification:_identify(src/waypoint_runner) by extension 'ros'
[0.224s] DEBUG:colcon.colcon_core.package_identification:Package 'src/waypoint_runner' with type 'ros.ament_python' and name 'waypoint_runner'
[0.224s] Level 1:colcon.colcon_core.package_discovery:discover_packages(recursive) using defaults
[0.225s] Level 1:colcon.colcon_core.package_discovery:discover_packages(ignore) discover
[0.225s] Level 1:colcon.colcon_core.package_discovery:discover_packages(ignore) using defaults
[0.225s] Level 1:colcon.colcon_core.package_discovery:discover_packages(path) discover
[0.225s] Level 1:colcon.colcon_core.package_discovery:discover_packages(path) using defaults
[0.245s] Level 1:colcon.colcon_core.package_discovery:discover_packages(prefix_path) check parameters
[0.245s] Level 1:colcon.colcon_core.package_discovery:discover_packages(prefix_path) discover
[0.248s] DEBUG:colcon.colcon_installed_package_information.package_discovery:Found 14 installed packages in /home/tersoo/autonomous-robot-logging-with-ROS2-jazzy/myros2_ws/install
[0.251s] DEBUG:colcon.colcon_installed_package_information.package_discovery:Found 412 installed packages in /opt/ros/jazzy
[0.253s] Level 1:colcon.colcon_core.package_discovery:discover_packages(prefix_path) using defaults
[0.322s] Level 5:colcon.colcon_core.verb:set package 'robot_logging' build argument 'cmake_args' from command line to 'None'
[0.322s] Level 5:colcon.colcon_core.verb:set package 'robot_logging' build argument 'cmake_target' from command line to 'None'
[0.322s] Level 5:colcon.colcon_core.verb:set package 'robot_logging' build argument 'cmake_target_skip_unavailable' from command line to 'False'
[0.322s] Level 5:colcon.colcon_core.verb:set package 'robot_logging' build argument 'cmake_clean_cache' from command line to 'False'
[0.322s] Level 5:colcon.colcon_core.verb:set package 'robot_logging' build argument 'cmake_clean_first' from command line to 'False'
[0.322s] Level 5:colcon.colcon_core.verb:set package 'robot_logging' build argument 'cmake_force_configure' from command line to 'False'
[0.322s] Level 5:colcon.colcon_core.verb:set package 'robot_logging' build argument 'ament_cmake_args' from command line to 'None'
[0.322s] Level 5:colcon.colcon_core.verb:set package 'robot_logging' build argument 'catkin_cmake_args' from command line to 'None'
[0.322s] Level 5:colcon.colcon_core.verb:set package 'robot_logging' build argument 'catkin_skip_building_tests' from command line to 'False'
[0.322s] DEBUG:colcon.colcon_core.verb:Building package 'robot_logging' with the following arguments: {'ament_cmake_args': None, 'build_base': '/home/tersoo/autonomous-robot-logging-with-ROS2-jazzy/myros2_ws/build/robot_logging', 'catkin_cmake_args': None, 'catkin_skip_building_tests': False, 'cmake_args': None, 'cmake_clean_cache': False, 'cmake_clean_first': False, 'cmake_force_configure': False, 'cmake_target': None, 'cmake_target_skip_unavailable': False, 'install_base': '/home/tersoo/autonomous-robot-logging-with-ROS2-jazzy/myros2_ws/install/robot_logging', 'merge_install': False, 'path': '/home/tersoo/autonomous-robot-logging-with-ROS2-jazzy/myros2_ws/src/robot_logging', 'symlink_install': False, 'test_result_base': None}
[0.322s] Level 5:colcon.colcon_core.verb:set package 'twist_bridge' build argument 'cmake_args' from command line to 'None'
[0.323s] Level 5:colcon.colcon_core.verb:set package 'twist_bridge' build argument 'cmake_target' from command line to 'None'
[0.323s] Level 5:colcon.colcon_core.verb:set package 'twist_bridge' build argument 'cmake_target_skip_unavailable' from command line to 'False'
[0.323s] Level 5:colcon.colcon_core.verb:set package 'twist_bridge' build argument 'cmake_clean_cache' from command line to 'False'
[0.323s] Level 5:colcon.colcon_core.verb:set package 'twist_bridge' build argument 'cmake_clean_first' from command line to 'False'
[0.323s] Level 5:colcon.colcon_core.verb:set package 'twist_bridge' build argument 'cmake_force_configure' from command line to 'False'
[0.323s] Level 5:colcon.colcon_core.verb:set package 'twist_bridge' build argument 'ament_cmake_args' from command line to 'None'
[0.323s] Level 5:colcon.colcon_core.verb:set package 'twist_bridge' build argument 'catkin_cmake_args' from command line to 'None'
[0.323s] Level 5:colcon.colcon_core.verb:set package 'twist_bridge' build argument 'catkin_skip_building_tests' from command line to 'False'
[0.323s] DEBUG:colcon.colcon_core.verb:Building package 'twist_bridge' with the following arguments: {'ament_cmake_args': None, 'build_base': '/home/tersoo/autonomous-robot-logging-with-ROS2-jazzy/myros2_ws/build/twist_bridge', 'catkin_cmake_args': None, 'catkin_skip_building_tests': False, 'cmake_args': None, 'cmake_clean_cache': False, 'cmake_clean_first': False, 'cmake_force_configure': False, 'cmake_target': None, 'cmake_target_skip_unavailable': False, 'install_base': '/home/tersoo/autonomous-robot-logging-with-ROS2-jazzy/myros2_ws/install/twist_bridge', 'merge_install': False, 'path': '/home/tersoo/autonomous-robot-logging-with-ROS2-jazzy/myros2_ws/src/twist_bridge', 'symlink_install': False, 'test_result_base': None}
[0.323s] Level 5:colcon.colcon_core.verb:set package 'waypoint_runner' build argument 'cmake_args' from command line to 'None'
[0.323s] Level 5:colcon.colcon_core.verb:set package 'waypoint_runner' build argument 'cmake_target' from command line to 'None'
[0.323s] Level 5:colcon.colcon_core.verb:set package 'waypoint_runner' build argument 'cmake_target_skip_unavailable' from command line to 'False'
[0.323s] Level 5:colcon.colcon_core.verb:set package 'waypoint_runner' build argument 'cmake_clean_cache' from command line to 'False'
[0.323s] Level 5:colcon.colcon_core.verb:set package 'waypoint_runner' build argument 'cmake_clean_first' from command line to 'False'
[0.323s] Level 5:colcon.colcon_core.verb:set package 'waypoint_runner' build argument 'cmake_force_configure' from command line to 'False'
[0.323s] Level 5:colcon.colcon_core.verb:set package 'waypoint_runner' build argument 'ament_cmake_args' from command line to 'None'
[0.323s] Level 5:colcon.colcon_core.verb:set package 'waypoint_runner' build argument 'catkin_cmake_args' from command line to 'None'
[0.323s] Level 5:colcon.colcon_core.verb:set package 'waypoint_runner' build argument 'catkin_skip_building_tests' from command line to 'False'
[0.323s] DEBUG:colcon.colcon_core.verb:Building package 'waypoint_runner' with the following arguments: {'ament_cmake_args': None, 'build_base': '/home/tersoo/autonomous-robot-logging-with-ROS2-jazzy/myros2_ws/build/waypoint_runner', 'catkin_cmake_args': None, 'catkin_skip_building_tests': False, 'cmake_args': None, 'cmake_clean_cache': False, 'cmake_clean_first': False, 'cmake_force_configure': False, 'cmake_target': None, 'cmake_target_skip_unavailable': False, 'install_base': '/home/tersoo/autonomous-robot-logging-with-ROS2-jazzy/myros2_ws/install/waypoint_runner', 'merge_install': False, 'path': '/home/tersoo/autonomous-robot-logging-with-ROS2-jazzy/myros2_ws/src/waypoint_runner', 'symlink_install': False, 'test_result_base': None}
[0.324s] INFO:colcon.colcon_core.executor:Executing jobs using 'parallel' executor
[0.325s] DEBUG:colcon.colcon_parallel_executor.executor.parallel:run_until_complete
[0.325s] INFO:colcon.colcon_ros.task.ament_cmake.build:Building ROS package in '/home/tersoo/autonomous-robot-logging-with-ROS2-jazzy/myros2_ws/src/robot_logging' with build type 'ament_cmake'
[0.325s] INFO:colcon.colcon_cmake.task.cmake.build:Building CMake package in '/home/tersoo/autonomous-robot-logging-with-ROS2-jazzy/myros2_ws/src/robot_logging'
[0.328s] INFO:colcon.colcon_core.plugin_system:Skipping extension 'colcon_core.shell.bat': Not used on non-Windows systems
[0.328s] INFO:colcon.colcon_core.shell:Skip shell extension 'powershell' for command environment: Not usable outside of PowerShell
[0.328s] DEBUG:colcon.colcon_core.shell:Skip shell extension 'dsv' for command environment
[0.335s] INFO:colcon.colcon_ros.task.ament_python.build:Building ROS package in '/home/tersoo/autonomous-robot-logging-with-ROS2-jazzy/myros2_ws/src/twist_bridge' with build type 'ament_python'
[0.335s] Level 1:colcon.colcon_core.shell:create_environment_hook('twist_bridge', 'ament_prefix_path')
[0.335s] INFO:colcon.colcon_core.shell:Creating environment hook '/home/tersoo/autonomous-robot-logging-with-ROS2-jazzy/myros2_ws/install/twist_bridge/share/twist_bridge/hook/ament_prefix_path.ps1'
[0.336s] INFO:colcon.colcon_core.shell:Creating environment descriptor '/home/tersoo/autonomous-robot-logging-with-ROS2-jazzy/myros2_ws/install/twist_bridge/share/twist_bridge/hook/ament_prefix_path.dsv'
[0.337s] INFO:colcon.colcon_core.shell:Creating environment hook '/home/tersoo/autonomous-robot-logging-with-ROS2-jazzy/myros2_ws/install/twist_bridge/share/twist_bridge/hook/ament_prefix_path.sh'
[0.338s] INFO:colcon.colcon_core.shell:Skip shell extension 'powershell' for command environment: Not usable outside of PowerShell
[0.338s] DEBUG:colcon.colcon_core.shell:Skip shell extension 'dsv' for command environment
[0.344s] INFO:colcon.colcon_ros.task.ament_python.build:Building ROS package in '/home/tersoo/autonomous-robot-logging-with-ROS2-jazzy/myros2_ws/src/waypoint_runner' with build type 'ament_python'
[0.344s] Level 1:colcon.colcon_core.shell:create_environment_hook('waypoint_runner', 'ament_prefix_path')
[0.344s] INFO:colcon.colcon_core.shell:Creating environment hook '/home/tersoo/autonomous-robot-logging-with-ROS2-jazzy/myros2_ws/install/waypoint_runner/share/waypoint_runner/hook/ament_prefix_path.ps1'
[0.344s] INFO:colcon.colcon_core.shell:Creating environment descriptor '/home/tersoo/autonomous-robot-logging-with-ROS2-jazzy/myros2_ws/install/waypoint_runner/share/waypoint_runner/hook/ament_prefix_path.dsv'
[0.345s] INFO:colcon.colcon_core.shell:Creating environment hook '/home/tersoo/autonomous-robot-logging-with-ROS2-jazzy/myros2_ws/install/waypoint_runner/share/waypoint_runner/hook/ament_prefix_path.sh'
[0.345s] INFO:colcon.colcon_core.shell:Skip shell extension 'powershell' for command environment: Not usable outside of PowerShell
[0.345s] DEBUG:colcon.colcon_core.shell:Skip shell extension 'dsv' for command environment
[0.356s] DEBUG:colcon.colcon_core.event_handler.log_command:Invoking command in '/home/tersoo/autonomous-robot-logging-with-ROS2-jazzy/myros2_ws/build/robot_logging': CMAKE_PREFIX_PATH=${CMAKE_PREFIX_PATH}:/home/tersoo/autonomous-robot-logging-with-ROS2-jazzy/myros2_ws/install/waypoint_runner:/home/tersoo/autonomous-robot-logging-with-ROS2-jazzy/myros2_ws/install/twist_bridge:/home/tersoo/autonomous-robot-logging-with-ROS2-jazzy/myros2_ws/install/nav2_simple_commander:/home/tersoo/autonomous-robot-logging-with-ROS2-jazzy/myros2_ws/install/nav2_loopback_sim:/opt/ros/jazzy DEBUGINFOD_URLS=https://debuginfod.ubuntu.com /usr/bin/cmake --build /home/tersoo/autonomous-robot-logging-with-ROS2-jazzy/myros2_ws/build/robot_logging -- -j12 -l12
[0.700s] INFO:colcon.colcon_core.task.python.build:Building Python package in '/home/tersoo/autonomous-robot-logging-with-ROS2-jazzy/myros2_ws/src/twist_bridge'
[0.700s] INFO:colcon.colcon_core.shell:Skip shell extension 'powershell' for command environment: Not usable outside of PowerShell
[0.700s] DEBUG:colcon.colcon_core.shell:Skip shell extension 'dsv' for command environment
[1.055s] INFO:colcon.colcon_core.task.python.build:Building Python package in '/home/tersoo/autonomous-robot-logging-with-ROS2-jazzy/myros2_ws/src/waypoint_runner'
[1.056s] INFO:colcon.colcon_core.shell:Skip shell extension 'powershell' for command environment: Not usable outside of PowerShell
[1.056s] DEBUG:colcon.colcon_core.shell:Skip shell extension 'dsv' for command environment
[1.064s] DEBUG:colcon.colcon_core.event_handler.log_command:Invoked command in '/home/tersoo/autonomous-robot-logging-with-ROS2-jazzy/myros2_ws/build/robot_logging' returned '0': CMAKE_PREFIX_PATH=${CMAKE_PREFIX_PATH}:/home/tersoo/autonomous-robot-logging-with-ROS2-jazzy/myros2_ws/install/waypoint_runner:/home/tersoo/autonomous-robot-logging-with-ROS2-jazzy/myros2_ws/install/twist_bridge:/home/tersoo/autonomous-robot-logging-with-ROS2-jazzy/myros2_ws/install/nav2_simple_commander:/home/tersoo/autonomous-robot-logging-with-ROS2-jazzy/myros2_ws/install/nav2_loopback_sim:/opt/ros/jazzy DEBUGINFOD_URLS=https://debuginfod.ubuntu.com /usr/bin/cmake --build /home/tersoo/autonomous-robot-logging-with-ROS2-jazzy/myros2_ws/build/robot_logging -- -j12 -l12
[1.082s] DEBUG:colcon.colcon_core.event_handler.log_command:Invoking command in '/home/tersoo/autonomous-robot-logging-with-ROS2-jazzy/myros2_ws/build/robot_logging': CMAKE_PREFIX_PATH=${CMAKE_PREFIX_PATH}:/home/tersoo/autonomous-robot-logging-with-ROS2-jazzy/myros2_ws/install/waypoint_runner:/home/tersoo/autonomous-robot-logging-with-ROS2-jazzy/myros2_ws/install/twist_bridge:/home/tersoo/autonomous-robot-logging-with-ROS2-jazzy/myros2_ws/install/nav2_simple_commander:/home/tersoo/autonomous-robot-logging-with-ROS2-jazzy/myros2_ws/install/nav2_loopback_sim:/opt/ros/jazzy DEBUGINFOD_URLS=https://debuginfod.ubuntu.com /usr/bin/cmake --install /home/tersoo/autonomous-robot-logging-with-ROS2-jazzy/myros2_ws/build/robot_logging
[1.142s] Level 1:colcon.colcon_core.environment:create_environment_scripts_only(robot_logging)
[1.145s] Level 1:colcon.colcon_core.environment:checking '/home/tersoo/autonomous-robot-logging-with-ROS2-jazzy/myros2_ws/install/robot_logging' for CMake module files
[1.145s] DEBUG:colcon.colcon_core.event_handler.log_command:Invoked command in '/home/tersoo/autonomous-robot-logging-with-ROS2-jazzy/myros2_ws/build/robot_logging' returned '0': CMAKE_PREFIX_PATH=${CMAKE_PREFIX_PATH}:/home/tersoo/autonomous-robot-logging-with-ROS2-jazzy/myros2_ws/install/waypoint_runner:/home/tersoo/autonomous-robot-logging-with-ROS2-jazzy/myros2_ws/install/twist_bridge:/home/tersoo/autonomous-robot-logging-with-ROS2-jazzy/myros2_ws/install/nav2_simple_commander:/home/tersoo/autonomous-robot-logging-with-ROS2-jazzy/myros2_ws/install/nav2_loopback_sim:/opt/ros/jazzy DEBUGINFOD_URLS=https://debuginfod.ubuntu.com /usr/bin/cmake --install /home/tersoo/autonomous-robot-logging-with-ROS2-jazzy/myros2_ws/build/robot_logging
[1.146s] Level 1:colcon.colcon_core.environment:checking '/home/tersoo/autonomous-robot-logging-with-ROS2-jazzy/myros2_ws/install/robot_logging' for CMake config files
[1.147s] Level 1:colcon.colcon_core.shell:create_environment_hook('robot_logging', 'cmake_prefix_path')
[1.147s] INFO:colcon.colcon_core.shell:Creating environment hook '/home/tersoo/autonomous-robot-logging-with-ROS2-jazzy/myros2_ws/install/robot_logging/share/robot_logging/hook/cmake_prefix_path.ps1'
[1.150s] INFO:colcon.colcon_core.shell:Creating environment descriptor '/home/tersoo/autonomous-robot-logging-with-ROS2-jazzy/myros2_ws/install/robot_logging/share/robot_logging/hook/cmake_prefix_path.dsv'
[1.150s] INFO:colcon.colcon_core.shell:Creating environment hook '/home/tersoo/autonomous-robot-logging-with-ROS2-jazzy/myros2_ws/install/robot_logging/share/robot_logging/hook/cmake_prefix_path.sh'
[1.151s] Level 1:colcon.colcon_core.environment:checking '/home/tersoo/autonomous-robot-logging-with-ROS2-jazzy/myros2_ws/install/robot_logging/lib'
[1.151s] Level 1:colcon.colcon_core.environment:checking '/home/tersoo/autonomous-robot-logging-with-ROS2-jazzy/myros2_ws/install/robot_logging/bin'
[1.152s] Level 1:colcon.colcon_core.environment:checking '/home/tersoo/autonomous-robot-logging-with-ROS2-jazzy/myros2_ws/install/robot_logging/lib/pkgconfig/robot_logging.pc'
[1.152s] Level 1:colcon.colcon_core.environment:checking '/home/tersoo/autonomous-robot-logging-with-ROS2-jazzy/myros2_ws/install/robot_logging/lib/python3.12/site-packages'
[1.152s] Level 1:colcon.colcon_core.environment:checking '/home/tersoo/autonomous-robot-logging-with-ROS2-jazzy/myros2_ws/install/robot_logging/bin'
[1.153s] INFO:colcon.colcon_core.shell:Creating package script '/home/tersoo/autonomous-robot-logging-with-ROS2-jazzy/myros2_ws/install/robot_logging/share/robot_logging/package.ps1'
[1.154s] INFO:colcon.colcon_core.shell:Creating package descriptor '/home/tersoo/autonomous-robot-logging-with-ROS2-jazzy/myros2_ws/install/robot_logging/share/robot_logging/package.dsv'
[1.154s] INFO:colcon.colcon_core.shell:Creating package script '/home/tersoo/autonomous-robot-logging-with-ROS2-jazzy/myros2_ws/install/robot_logging/share/robot_logging/package.sh'
[1.155s] INFO:colcon.colcon_core.shell:Creating package script '/home/tersoo/autonomous-robot-logging-with-ROS2-jazzy/myros2_ws/install/robot_logging/share/robot_logging/package.bash'
[1.156s] INFO:colcon.colcon_core.shell:Creating package script '/home/tersoo/autonomous-robot-logging-with-ROS2-jazzy/myros2_ws/install/robot_logging/share/robot_logging/package.zsh'
[1.157s] Level 1:colcon.colcon_core.environment:create_file_with_runtime_dependencies(/home/tersoo/autonomous-robot-logging-with-ROS2-jazzy/myros2_ws/install/robot_logging/share/colcon-core/packages/robot_logging)
[1.158s] Level 1:colcon.colcon_core.environment:create_environment_scripts_only(robot_logging)
[1.158s] Level 1:colcon.colcon_core.environment:checking '/home/tersoo/autonomous-robot-logging-with-ROS2-jazzy/myros2_ws/install/robot_logging' for CMake module files
[1.159s] Level 1:colcon.colcon_core.environment:checking '/home/tersoo/autonomous-robot-logging-with-ROS2-jazzy/myros2_ws/install/robot_logging' for CMake config files
[1.159s] Level 1:colcon.colcon_core.shell:create_environment_hook('robot_logging', 'cmake_prefix_path')
[1.160s] INFO:colcon.colcon_core.shell:Creating environment hook '/home/tersoo/autonomous-robot-logging-with-ROS2-jazzy/myros2_ws/install/robot_logging/share/robot_logging/hook/cmake_prefix_path.ps1'
[1.160s] INFO:colcon.colcon_core.shell:Creating environment descriptor '/home/tersoo/autonomous-robot-logging-with-ROS2-jazzy/myros2_ws/install/robot_logging/share/robot_logging/hook/cmake_prefix_path.dsv'
[1.161s] INFO:colcon.colcon_core.shell:Creating environment hook '/home/tersoo/autonomous-robot-logging-with-ROS2-jazzy/myros2_ws/install/robot_logging/share/robot_logging/hook/cmake_prefix_path.sh'
[1.162s] Level 1:colcon.colcon_core.environment:checking '/home/tersoo/autonomous-robot-logging-with-ROS2-jazzy/myros2_ws/install/robot_logging/lib'
[1.162s] Level 1:colcon.colcon_core.environment:checking '/home/tersoo/autonomous-robot-logging-with-ROS2-jazzy/myros2_ws/install/robot_logging/bin'
[1.162s] Level 1:colcon.colcon_core.environment:checking '/home/tersoo/autonomous-robot-logging-with-ROS2-jazzy/myros2_ws/install/robot_logging/lib/pkgconfig/robot_logging.pc'
[1.162s] Level 1:colcon.colcon_core.environment:checking '/home/tersoo/autonomous-robot-logging-with-ROS2-jazzy/myros2_ws/install/robot_logging/lib/python3.12/site-packages'
[1.163s] Level 1:colcon.colcon_core.environment:checking '/home/tersoo/autonomous-robot-logging-with-ROS2-jazzy/myros2_ws/install/robot_logging/bin'
[1.163s] INFO:colcon.colcon_core.shell:Creating package script '/home/tersoo/autonomous-robot-logging-with-ROS2-jazzy/myros2_ws/install/robot_logging/share/robot_logging/package.ps1'
[1.164s] INFO:colcon.colcon_core.shell:Creating package descriptor '/home/tersoo/autonomous-robot-logging-with-ROS2-jazzy/myros2_ws/install/robot_logging/share/robot_logging/package.dsv'
[1.164s] INFO:colcon.colcon_core.shell:Creating package script '/home/tersoo/autonomous-robot-logging-with-ROS2-jazzy/myros2_ws/install/robot_logging/share/robot_logging/package.sh'
[1.165s] INFO:colcon.colcon_core.shell:Creating package script '/home/tersoo/autonomous-robot-logging-with-ROS2-jazzy/myros2_ws/install/robot_logging/share/robot_logging/package.bash'
[1.185s] INFO:colcon.colcon_core.shell:Creating package script '/home/tersoo/autonomous-robot-logging-with-ROS2-jazzy/myros2_ws/install/robot_logging/share/robot_logging/package.zsh'
[1.185s] Level 1:colcon.colcon_core.environment:create_file_with_runtime_dependencies(/home/tersoo/autonomous-robot-logging-with-ROS2-jazzy/myros2_ws/install/robot_logging/share/colcon-core/packages/robot_logging)
[2.054s] DEBUG:colcon.colcon_core.event_handler.log_command:Invoking command in '/home/tersoo/autonomous-robot-logging-with-ROS2-jazzy/myros2_ws/src/waypoint_runner': DEBUGINFOD_URLS=https://debuginfod.ubuntu.com PYTHONPATH=/home/tersoo/autonomous-robot-logging-with-ROS2-jazzy/myros2_ws/build/waypoint_runner/prefix_override:/usr/lib/python3/dist-packages/colcon_core/task/python/colcon_distutils_commands:/home/tersoo/autonomous-robot-logging-with-ROS2-jazzy/myros2_ws/install/waypoint_runner/lib/python3.12/site-packages:${PYTHONPATH} /usr/bin/python3 -W ignore:setup.py install is deprecated -W ignore:easy_install command is deprecated setup.py egg_info --egg-base ../../build/waypoint_runner build --build-base /home/tersoo/autonomous-robot-logging-with-ROS2-jazzy/myros2_ws/build/waypoint_runner/build install --record /home/tersoo/autonomous-robot-logging-with-ROS2-jazzy/myros2_ws/build/waypoint_runner/install.log --single-version-externally-managed install_data
[2.064s] DEBUG:colcon.colcon_core.event_handler.log_command:Invoking command in '/home/tersoo/autonomous-robot-logging-with-ROS2-jazzy/myros2_ws/src/twist_bridge': DEBUGINFOD_URLS=https://debuginfod.ubuntu.com PYTHONPATH=/home/tersoo/autonomous-robot-logging-with-ROS2-jazzy/myros2_ws/build/twist_bridge/prefix_override:/usr/lib/python3/dist-packages/colcon_core/task/python/colcon_distutils_commands:/home/tersoo/autonomous-robot-logging-with-ROS2-jazzy/myros2_ws/install/twist_bridge/lib/python3.12/site-packages:${PYTHONPATH} /usr/bin/python3 -W ignore:setup.py install is deprecated -W ignore:easy_install command is deprecated setup.py egg_info --egg-base ../../build/twist_bridge build --build-base /home/tersoo/autonomous-robot-logging-with-ROS2-jazzy/myros2_ws/build/twist_bridge/build install --record /home/tersoo/autonomous-robot-logging-with-ROS2-jazzy/myros2_ws/build/twist_bridge/install.log --single-version-externally-managed install_data
[2.940s] Level 1:colcon.colcon_core.environment:checking '/home/tersoo/autonomous-robot-logging-with-ROS2-jazzy/myros2_ws/install/waypoint_runner' for CMake module files
[2.940s] DEBUG:colcon.colcon_core.event_handler.log_command:Invoked command in '/home/tersoo/autonomous-robot-logging-with-ROS2-jazzy/myros2_ws/src/waypoint_runner' returned '0': DEBUGINFOD_URLS=https://debuginfod.ubuntu.com PYTHONPATH=/home/tersoo/autonomous-robot-logging-with-ROS2-jazzy/myros2_ws/build/waypoint_runner/prefix_override:/usr/lib/python3/dist-packages/colcon_core/task/python/colcon_distutils_commands:/home/tersoo/autonomous-robot-logging-with-ROS2-jazzy/myros2_ws/install/waypoint_runner/lib/python3.12/site-packages:${PYTHONPATH} /usr/bin/python3 -W ignore:setup.py install is deprecated -W ignore:easy_install command is deprecated setup.py egg_info --egg-base ../../build/waypoint_runner build --build-base /home/tersoo/autonomous-robot-logging-with-ROS2-jazzy/myros2_ws/build/waypoint_runner/build install --record /home/tersoo/autonomous-robot-logging-with-ROS2-jazzy/myros2_ws/build/waypoint_runner/install.log --single-version-externally-managed install_data
[2.942s] Level 1:colcon.colcon_core.environment:checking '/home/tersoo/autonomous-robot-logging-with-ROS2-jazzy/myros2_ws/install/waypoint_runner' for CMake config files
[2.943s] Level 1:colcon.colcon_core.environment:checking '/home/tersoo/autonomous-robot-logging-with-ROS2-jazzy/myros2_ws/install/waypoint_runner/lib'
[2.943s] Level 1:colcon.colcon_core.environment:checking '/home/tersoo/autonomous-robot-logging-with-ROS2-jazzy/myros2_ws/install/waypoint_runner/bin'
[2.943s] Level 1:colcon.colcon_core.shell:create_environment_hook('waypoint_runner', 'path')
[2.943s] INFO:colcon.colcon_core.shell:Creating environment hook '/home/tersoo/autonomous-robot-logging-with-ROS2-jazzy/myros2_ws/install/waypoint_runner/share/waypoint_runner/hook/path.ps1'
[2.944s] INFO:colcon.colcon_core.shell:Creating environment descriptor '/home/tersoo/autonomous-robot-logging-with-ROS2-jazzy/myros2_ws/install/waypoint_runner/share/waypoint_runner/hook/path.dsv'
[2.944s] INFO:colcon.colcon_core.shell:Creating environment hook '/home/tersoo/autonomous-robot-logging-with-ROS2-jazzy/myros2_ws/install/waypoint_runner/share/waypoint_runner/hook/path.sh'
[2.945s] Level 1:colcon.colcon_core.environment:checking '/home/tersoo/autonomous-robot-logging-with-ROS2-jazzy/myros2_ws/install/waypoint_runner/lib/pkgconfig/waypoint_runner.pc'
[2.945s] Level 1:colcon.colcon_core.environment:checking '/home/tersoo/autonomous-robot-logging-with-ROS2-jazzy/myros2_ws/install/waypoint_runner/lib/python3.12/site-packages'
[2.946s] Level 1:colcon.colcon_core.shell:create_environment_hook('waypoint_runner', 'pythonpath')
[2.946s] INFO:colcon.colcon_core.shell:Creating environment hook '/home/tersoo/autonomous-robot-logging-with-ROS2-jazzy/myros2_ws/install/waypoint_runner/share/waypoint_runner/hook/pythonpath.ps1'
[2.946s] INFO:colcon.colcon_core.shell:Creating environment descriptor '/home/tersoo/autonomous-robot-logging-with-ROS2-jazzy/myros2_ws/install/waypoint_runner/share/waypoint_runner/hook/pythonpath.dsv'
[2.947s] INFO:colcon.colcon_core.shell:Creating environment hook '/home/tersoo/autonomous-robot-logging-with-ROS2-jazzy/myros2_ws/install/waypoint_runner/share/waypoint_runner/hook/pythonpath.sh'
[2.947s] Level 1:colcon.colcon_core.environment:checking '/home/tersoo/autonomous-robot-logging-with-ROS2-jazzy/myros2_ws/install/waypoint_runner/bin'
[2.948s] Level 1:colcon.colcon_core.shell:create_environment_hook('waypoint_runner', 'pythonscriptspath')
[2.948s] INFO:colcon.colcon_core.shell:Creating environment hook '/home/tersoo/autonomous-robot-logging-with-ROS2-jazzy/myros2_ws/install/waypoint_runner/share/waypoint_runner/hook/pythonscriptspath.ps1'
[2.948s] INFO:colcon.colcon_core.shell:Creating environment descriptor '/home/tersoo/autonomous-robot-logging-with-ROS2-jazzy/myros2_ws/install/waypoint_runner/share/waypoint_runner/hook/pythonscriptspath.dsv'
[2.949s] INFO:colcon.colcon_core.shell:Creating environment hook '/home/tersoo/autonomous-robot-logging-with-ROS2-jazzy/myros2_ws/install/waypoint_runner/share/waypoint_runner/hook/pythonscriptspath.sh'
[2.949s] Level 1:colcon.colcon_core.environment:create_environment_scripts_only(waypoint_runner)
[2.950s] INFO:colcon.colcon_core.shell:Creating package script '/home/tersoo/autonomous-robot-logging-with-ROS2-jazzy/myros2_ws/install/waypoint_runner/share/waypoint_runner/package.ps1'
[2.951s] INFO:colcon.colcon_core.shell:Creating package descriptor '/home/tersoo/autonomous-robot-logging-with-ROS2-jazzy/myros2_ws/install/waypoint_runner/share/waypoint_runner/package.dsv'
[2.952s] INFO:colcon.colcon_core.shell:Creating package script '/home/tersoo/autonomous-robot-logging-with-ROS2-jazzy/myros2_ws/install/waypoint_runner/share/waypoint_runner/package.sh'
[2.952s] INFO:colcon.colcon_core.shell:Creating package script '/home/tersoo/autonomous-robot-logging-with-ROS2-jazzy/myros2_ws/install/waypoint_runner/share/waypoint_runner/package.bash'
[2.953s] INFO:colcon.colcon_core.shell:Creating package script '/home/tersoo/autonomous-robot-logging-with-ROS2-jazzy/myros2_ws/install/waypoint_runner/share/waypoint_runner/package.zsh'
[2.954s] Level 1:colcon.colcon_core.environment:create_file_with_runtime_dependencies(/home/tersoo/autonomous-robot-logging-with-ROS2-jazzy/myros2_ws/install/waypoint_runner/share/colcon-core/packages/waypoint_runner)
[2.956s] Level 1:colcon.colcon_core.environment:checking '/home/tersoo/autonomous-robot-logging-with-ROS2-jazzy/myros2_ws/install/twist_bridge' for CMake module files
[2.957s] Level 1:colcon.colcon_core.environment:checking '/home/tersoo/autonomous-robot-logging-with-ROS2-jazzy/myros2_ws/install/twist_bridge' for CMake config files
[2.957s] Level 1:colcon.colcon_core.environment:checking '/home/tersoo/autonomous-robot-logging-with-ROS2-jazzy/myros2_ws/install/twist_bridge/lib'
[2.957s] Level 1:colcon.colcon_core.environment:checking '/home/tersoo/autonomous-robot-logging-with-ROS2-jazzy/myros2_ws/install/twist_bridge/bin'
[2.957s] Level 1:colcon.colcon_core.environment:checking '/home/tersoo/autonomous-robot-logging-with-ROS2-jazzy/myros2_ws/install/twist_bridge/lib/pkgconfig/twist_bridge.pc'
[2.958s] Level 1:colcon.colcon_core.environment:checking '/home/tersoo/autonomous-robot-logging-with-ROS2-jazzy/myros2_ws/install/twist_bridge/lib/python3.12/site-packages'
[2.958s] Level 1:colcon.colcon_core.shell:create_environment_hook('twist_bridge', 'pythonpath')
[2.958s] INFO:colcon.colcon_core.shell:Creating environment hook '/home/tersoo/autonomous-robot-logging-with-ROS2-jazzy/myros2_ws/install/twist_bridge/share/twist_bridge/hook/pythonpath.ps1'
[2.959s] DEBUG:colcon.colcon_core.event_handler.log_command:Invoked command in '/home/tersoo/autonomous-robot-logging-with-ROS2-jazzy/myros2_ws/src/twist_bridge' returned '0': DEBUGINFOD_URLS=https://debuginfod.ubuntu.com PYTHONPATH=/home/tersoo/autonomous-robot-logging-with-ROS2-jazzy/myros2_ws/build/twist_bridge/prefix_override:/usr/lib/python3/dist-packages/colcon_core/task/python/colcon_distutils_commands:/home/tersoo/autonomous-robot-logging-with-ROS2-jazzy/myros2_ws/install/twist_bridge/lib/python3.12/site-packages:${PYTHONPATH} /usr/bin/python3 -W ignore:setup.py install is deprecated -W ignore:easy_install command is deprecated setup.py egg_info --egg-base ../../build/twist_bridge build --build-base /home/tersoo/autonomous-robot-logging-with-ROS2-jazzy/myros2_ws/build/twist_bridge/build install --record /home/tersoo/autonomous-robot-logging-with-ROS2-jazzy/myros2_ws/build/twist_bridge/install.log --single-version-externally-managed install_data
[2.960s] INFO:colcon.colcon_core.shell:Creating environment descriptor '/home/tersoo/autonomous-robot-logging-with-ROS2-jazzy/myros2_ws/install/twist_bridge/share/twist_bridge/hook/pythonpath.dsv'
[2.960s] INFO:colcon.colcon_core.shell:Creating environment hook '/home/tersoo/autonomous-robot-logging-with-ROS2-jazzy/myros2_ws/install/twist_bridge/share/twist_bridge/hook/pythonpath.sh'
[2.961s] Level 1:colcon.colcon_core.environment:checking '/home/tersoo/autonomous-robot-logging-with-ROS2-jazzy/myros2_ws/install/twist_bridge/bin'
[2.961s] Level 1:colcon.colcon_core.environment:create_environment_scripts_only(twist_bridge)
[2.961s] INFO:colcon.colcon_core.shell:Creating package script '/home/tersoo/autonomous-robot-logging-with-ROS2-jazzy/myros2_ws/install/twist_bridge/share/twist_bridge/package.ps1'
[2.962s] INFO:colcon.colcon_core.shell:Creating package descriptor '/home/tersoo/autonomous-robot-logging-with-ROS2-jazzy/myros2_ws/install/twist_bridge/share/twist_bridge/package.dsv'
[2.962s] INFO:colcon.colcon_core.shell:Creating package script '/home/tersoo/autonomous-robot-logging-with-ROS2-jazzy/myros2_ws/install/twist_bridge/share/twist_bridge/package.sh'
[2.963s] INFO:colcon.colcon_core.shell:Creating package script '/home/tersoo/autonomous-robot-logging-with-ROS2-jazzy/myros2_ws/install/twist_bridge/share/twist_bridge/package.bash'
[2.963s] INFO:colcon.colcon_core.shell:Creating package script '/home/tersoo/autonomous-robot-logging-with-ROS2-jazzy/myros2_ws/install/twist_bridge/share/twist_bridge/package.zsh'
[2.963s] Level 1:colcon.colcon_core.environment:create_file_with_runtime_dependencies(/home/tersoo/autonomous-robot-logging-with-ROS2-jazzy/myros2_ws/install/twist_bridge/share/colcon-core/packages/twist_bridge)
[2.964s] DEBUG:colcon.colcon_parallel_executor.executor.parallel:closing loop
[2.965s] DEBUG:colcon.colcon_parallel_executor.executor.parallel:loop closed
[2.965s] DEBUG:colcon.colcon_parallel_executor.executor.parallel:run_until_complete finished with '0'
[2.965s] DEBUG:colcon.colcon_core.event_reactor:joining thread
[2.974s] INFO:colcon.colcon_core.plugin_system:Skipping extension 'colcon_notification.desktop_notification.terminal_notifier': Not used on non-Darwin systems
[2.974s] INFO:colcon.colcon_core.plugin_system:Skipping extension 'colcon_notification.desktop_notification.win32': Not used on non-Windows systems
[2.974s] INFO:colcon.colcon_notification.desktop_notification:Sending desktop notification using 'notify2'
[3.030s] DEBUG:colcon.colcon_core.event_reactor:joined thread
[3.030s] INFO:colcon.colcon_core.shell:Creating prefix script '/home/tersoo/autonomous-robot-logging-with-ROS2-jazzy/myros2_ws/install/local_setup.ps1'
[3.032s] INFO:colcon.colcon_core.shell:Creating prefix util module '/home/tersoo/autonomous-robot-logging-with-ROS2-jazzy/myros2_ws/install/_local_setup_util_ps1.py'
[3.033s] INFO:colcon.colcon_core.shell:Creating prefix chain script '/home/tersoo/autonomous-robot-logging-with-ROS2-jazzy/myros2_ws/install/setup.ps1'
[3.035s] INFO:colcon.colcon_core.shell:Creating prefix script '/home/tersoo/autonomous-robot-logging-with-ROS2-jazzy/myros2_ws/install/local_setup.sh'
[3.036s] INFO:colcon.colcon_core.shell:Creating prefix util module '/home/tersoo/autonomous-robot-logging-with-ROS2-jazzy/myros2_ws/install/_local_setup_util_sh.py'
[3.036s] INFO:colcon.colcon_core.shell:Creating prefix chain script '/home/tersoo/autonomous-robot-logging-with-ROS2-jazzy/myros2_ws/install/setup.sh'
[3.039s] INFO:colcon.colcon_core.shell:Creating prefix script '/home/tersoo/autonomous-robot-logging-with-ROS2-jazzy/myros2_ws/install/local_setup.bash'
[3.039s] INFO:colcon.colcon_core.shell:Creating prefix chain script '/home/tersoo/autonomous-robot-logging-with-ROS2-jazzy/myros2_ws/install/setup.bash'
[3.041s] INFO:colcon.colcon_core.shell:Creating prefix script '/home/tersoo/autonomous-robot-logging-with-ROS2-jazzy/myros2_ws/install/local_setup.zsh'
[3.042s] INFO:colcon.colcon_core.shell:Creating prefix chain script '/home/tersoo/autonomous-robot-logging-with-ROS2-jazzy/myros2_ws/install/setup.zsh'
