running egg_info
creating ../../build/twist_bridge/twist_bridge.egg-info
writing ../../build/twist_bridge/twist_bridge.egg-info/PKG-INFO
writing dependency_links to ../../build/twist_bridge/twist_bridge.egg-info/dependency_links.txt
writing entry points to ../../build/twist_bridge/twist_bridge.egg-info/entry_points.txt
writing requirements to ../../build/twist_bridge/twist_bridge.egg-info/requires.txt
writing top-level names to ../../build/twist_bridge/twist_bridge.egg-info/top_level.txt
writing manifest file '../../build/twist_bridge/twist_bridge.egg-info/SOURCES.txt'
reading manifest file '../../build/twist_bridge/twist_bridge.egg-info/SOURCES.txt'
writing manifest file '../../build/twist_bridge/twist_bridge.egg-info/SOURCES.txt'
running build
running build_py
creating /home/tersoo/autonomous-robot-logging-with-ROS2-jazzy/myros2_ws/build/twist_bridge/build
creating /home/tersoo/autonomous-robot-logging-with-ROS2-jazzy/myros2_ws/build/twist_bridge/build/lib
creating /home/tersoo/autonomous-robot-logging-with-ROS2-jazzy/myros2_ws/build/twist_bridge/build/lib/twist_bridge
copying twist_bridge/twist_to_stamped.py -> /home/tersoo/autonomous-robot-logging-with-ROS2-jazzy/myros2_ws/build/twist_bridge/build/lib/twist_bridge
copying twist_bridge/__init__.py -> /home/tersoo/autonomous-robot-logging-with-ROS2-jazzy/myros2_ws/build/twist_bridge/build/lib/twist_bridge
running install
running install_lib
creating /home/tersoo/autonomous-robot-logging-with-ROS2-jazzy/myros2_ws/install/twist_bridge/lib/python3.12/site-packages/twist_bridge
copying /home/tersoo/autonomous-robot-logging-with-ROS2-jazzy/myros2_ws/build/twist_bridge/build/lib/twist_bridge/twist_to_stamped.py -> /home/tersoo/autonomous-robot-logging-with-ROS2-jazzy/myros2_ws/install/twist_bridge/lib/python3.12/site-packages/twist_bridge
copying /home/tersoo/autonomous-robot-logging-with-ROS2-jazzy/myros2_ws/build/twist_bridge/build/lib/twist_bridge/__init__.py -> /home/tersoo/autonomous-robot-logging-with-ROS2-jazzy/myros2_ws/install/twist_bridge/lib/python3.12/site-packages/twist_bridge
byte-compiling /home/tersoo/autonomous-robot-logging-with-ROS2-jazzy/myros2_ws/install/twist_bridge/lib/python3.12/site-packages/twist_bridge/twist_to_stamped.py to twist_to_stamped.cpython-312.pyc
byte-compiling /home/tersoo/autonomous-robot-logging-with-ROS2-jazzy/myros2_ws/install/twist_bridge/lib/python3.12/site-packages/twist_bridge/__init__.py to __init__.cpython-312.pyc
running install_data
creating /home/tersoo/autonomous-robot-logging-with-ROS2-jazzy/myros2_ws/install/twist_bridge/share/ament_index
creating /home/tersoo/autonomous-robot-logging-with-ROS2-jazzy/myros2_ws/install/twist_bridge/share/ament_index/resource_index
creating /home/tersoo/autonomous-robot-logging-with-ROS2-jazzy/myros2_ws/install/twist_bridge/share/ament_index/resource_index/packages
copying resource/twist_bridge -> /home/tersoo/autonomous-robot-logging-with-ROS2-jazzy/myros2_ws/install/twist_bridge/share/ament_index/resource_index/packages
copying package.xml -> /home/tersoo/autonomous-robot-logging-with-ROS2-jazzy/myros2_ws/install/twist_bridge/share/twist_bridge
running install_egg_info
Copying ../../build/twist_bridge/twist_bridge.egg-info to /home/tersoo/autonomous-robot-logging-with-ROS2-jazzy/myros2_ws/install/twist_bridge/lib/python3.12/site-packages/twist_bridge-0.0.0-py3.12.egg-info
running install_scripts
Installing twist_to_stamped script to /home/tersoo/autonomous-robot-logging-with-ROS2-jazzy/myros2_ws/install/twist_bridge/lib/twist_bridge
writing list of installed files to '/home/tersoo/autonomous-robot-logging-with-ROS2-jazzy/myros2_ws/build/twist_bridge/install.log'
