running egg_info
creating ../../build/waypoint_runner/waypoint_runner.egg-info
writing ../../build/waypoint_runner/waypoint_runner.egg-info/PKG-INFO
writing dependency_links to ../../build/waypoint_runner/waypoint_runner.egg-info/dependency_links.txt
writing entry points to ../../build/waypoint_runner/waypoint_runner.egg-info/entry_points.txt
writing requirements to ../../build/waypoint_runner/waypoint_runner.egg-info/requires.txt
writing top-level names to ../../build/waypoint_runner/waypoint_runner.egg-info/top_level.txt
writing manifest file '../../build/waypoint_runner/waypoint_runner.egg-info/SOURCES.txt'
reading manifest file '../../build/waypoint_runner/waypoint_runner.egg-info/SOURCES.txt'
writing manifest file '../../build/waypoint_runner/waypoint_runner.egg-info/SOURCES.txt'
running build
running build_py
creating /home/tersoo/autonomous-robot-logging-with-ROS2-jazzy/myros2_ws/build/waypoint_runner/build
creating /home/tersoo/autonomous-robot-logging-with-ROS2-jazzy/myros2_ws/build/waypoint_runner/build/lib
creating /home/tersoo/autonomous-robot-logging-with-ROS2-jazzy/myros2_ws/build/waypoint_runner/build/lib/waypoint_runner
copying waypoint_runner/visit_points.py -> /home/tersoo/autonomous-robot-logging-with-ROS2-jazzy/myros2_ws/build/waypoint_runner/build/lib/waypoint_runner
copying waypoint_runner/__init__.py -> /home/tersoo/autonomous-robot-logging-with-ROS2-jazzy/myros2_ws/build/waypoint_runner/build/lib/waypoint_runner
running install
running install_lib
creating /home/tersoo/autonomous-robot-logging-with-ROS2-jazzy/myros2_ws/install/waypoint_runner/lib/python3.12/site-packages/waypoint_runner
copying /home/tersoo/autonomous-robot-logging-with-ROS2-jazzy/myros2_ws/build/waypoint_runner/build/lib/waypoint_runner/visit_points.py -> /home/tersoo/autonomous-robot-logging-with-ROS2-jazzy/myros2_ws/install/waypoint_runner/lib/python3.12/site-packages/waypoint_runner
copying /home/tersoo/autonomous-robot-logging-with-ROS2-jazzy/myros2_ws/build/waypoint_runner/build/lib/waypoint_runner/__init__.py -> /home/tersoo/autonomous-robot-logging-with-ROS2-jazzy/myros2_ws/install/waypoint_runner/lib/python3.12/site-packages/waypoint_runner
byte-compiling /home/tersoo/autonomous-robot-logging-with-ROS2-jazzy/myros2_ws/install/waypoint_runner/lib/python3.12/site-packages/waypoint_runner/visit_points.py to visit_points.cpython-312.pyc
byte-compiling /home/tersoo/autonomous-robot-logging-with-ROS2-jazzy/myros2_ws/install/waypoint_runner/lib/python3.12/site-packages/waypoint_runner/__init__.py to __init__.cpython-312.pyc
running install_data
creating /home/tersoo/autonomous-robot-logging-with-ROS2-jazzy/myros2_ws/install/waypoint_runner/share/ament_index
creating /home/tersoo/autonomous-robot-logging-with-ROS2-jazzy/myros2_ws/install/waypoint_runner/share/ament_index/resource_index
creating /home/tersoo/autonomous-robot-logging-with-ROS2-jazzy/myros2_ws/install/waypoint_runner/share/ament_index/resource_index/packages
copying resource/waypoint_runner -> /home/tersoo/autonomous-robot-logging-with-ROS2-jazzy/myros2_ws/install/waypoint_runner/share/ament_index/resource_index/packages
copying package.xml -> /home/tersoo/autonomous-robot-logging-with-ROS2-jazzy/myros2_ws/install/waypoint_runner/share/waypoint_runner
running install_egg_info
Copying ../../build/waypoint_runner/waypoint_runner.egg-info to /home/tersoo/autonomous-robot-logging-with-ROS2-jazzy/myros2_ws/install/waypoint_runner/lib/python3.12/site-packages/waypoint_runner-0.0.0-py3.12.egg-info
running install_scripts
Installing visit_points script to /home/tersoo/autonomous-robot-logging-with-ROS2-jazzy/myros2_ws/install/waypoint_runner/lib/waypoint_runner
writing list of installed files to '/home/tersoo/autonomous-robot-logging-with-ROS2-jazzy/myros2_ws/build/waypoint_runner/install.log'
