[1.108s] Invoking command in '/home/tersoo/autonomous-robot-logging-with-ROS2-jazzy/myros2_ws/src/twist_bridge': DEBUGINFOD_URLS=https://debuginfod.ubuntu.com PYTHONPATH=/home/tersoo/autonomous-robot-logging-with-ROS2-jazzy/myros2_ws/build/twist_bridge/prefix_override:/usr/lib/python3/dist-packages/colcon_core/task/python/colcon_distutils_commands:/home/tersoo/autonomous-robot-logging-with-ROS2-jazzy/myros2_ws/install/twist_bridge/lib/python3.12/site-packages:${PYTHONPATH} /usr/bin/python3 -W ignore:setup.py install is deprecated -W ignore:easy_install command is deprecated setup.py egg_info --egg-base ../../build/twist_bridge build --build-base /home/tersoo/autonomous-robot-logging-with-ROS2-jazzy/myros2_ws/build/twist_bridge/build install --record /home/tersoo/autonomous-robot-logging-with-ROS2-jazzy/myros2_ws/build/twist_bridge/install.log --single-version-externally-managed install_data
[1.465s] running egg_info
[1.492s] writing ../../build/twist_bridge/twist_bridge.egg-info/PKG-INFO
[1.493s] writing dependency_links to ../../build/twist_bridge/twist_bridge.egg-info/dependency_links.txt
[1.493s] writing entry points to ../../build/twist_bridge/twist_bridge.egg-info/entry_points.txt
[1.493s] writing requirements to ../../build/twist_bridge/twist_bridge.egg-info/requires.txt
[1.493s] writing top-level names to ../../build/twist_bridge/twist_bridge.egg-info/top_level.txt
[1.549s] reading manifest file '../../build/twist_bridge/twist_bridge.egg-info/SOURCES.txt'
[1.550s] writing manifest file '../../build/twist_bridge/twist_bridge.egg-info/SOURCES.txt'
[1.550s] running build
[1.551s] running build_py
[1.551s] running install
[1.559s] running install_lib
[1.587s] running install_data
[1.588s] running install_egg_info
[1.617s] removing '/home/tersoo/autonomous-robot-logging-with-ROS2-jazzy/myros2_ws/install/twist_bridge/lib/python3.12/site-packages/twist_bridge-0.0.0-py3.12.egg-info' (and everything under it)
[1.618s] Copying ../../build/twist_bridge/twist_bridge.egg-info to /home/tersoo/autonomous-robot-logging-with-ROS2-jazzy/myros2_ws/install/twist_bridge/lib/python3.12/site-packages/twist_bridge-0.0.0-py3.12.egg-info
[1.618s] running install_scripts
[1.797s] Installing twist_to_stamped script to /home/tersoo/autonomous-robot-logging-with-ROS2-jazzy/myros2_ws/install/twist_bridge/lib/twist_bridge
[1.798s] writing list of installed files to '/home/tersoo/autonomous-robot-logging-with-ROS2-jazzy/myros2_ws/build/twist_bridge/install.log'
[1.830s] Invoked command in '/home/tersoo/autonomous-robot-logging-with-ROS2-jazzy/myros2_ws/src/twist_bridge' returned '0': DEBUGINFOD_URLS=https://debuginfod.ubuntu.com PYTHONPATH=/home/tersoo/autonomous-robot-logging-with-ROS2-jazzy/myros2_ws/build/twist_bridge/prefix_override:/usr/lib/python3/dist-packages/colcon_core/task/python/colcon_distutils_commands:/home/tersoo/autonomous-robot-logging-with-ROS2-jazzy/myros2_ws/install/twist_bridge/lib/python3.12/site-packages:${PYTHONPATH} /usr/bin/python3 -W ignore:setup.py install is deprecated -W ignore:easy_install command is deprecated setup.py egg_info --egg-base ../../build/twist_bridge build --build-base /home/tersoo/autonomous-robot-logging-with-ROS2-jazzy/myros2_ws/build/twist_bridge/build install --record /home/tersoo/autonomous-robot-logging-with-ROS2-jazzy/myros2_ws/build/twist_bridge/install.log --single-version-externally-managed install_data
