[5.691s] Invoking command in '/home/tersoo/autonomous-robot-logging-with-ROS2-jazzy/myros2_ws/src/navigation2/nav2_loopback_sim': DEBUGINFOD_URLS=https://debuginfod.ubuntu.com PYTHONPATH=/home/tersoo/autonomous-robot-logging-with-ROS2-jazzy/myros2_ws/build/nav2_loopback_sim/prefix_override:/usr/lib/python3/dist-packages/colcon_core/task/python/colcon_distutils_commands:/home/tersoo/autonomous-robot-logging-with-ROS2-jazzy/myros2_ws/install/nav2_loopback_sim/lib/python3.12/site-packages:${PYTHONPATH} /usr/bin/python3 -W ignore:setup.py install is deprecated -W ignore:easy_install command is deprecated setup.py egg_info --egg-base ../../../build/nav2_loopback_sim build --build-base /home/tersoo/autonomous-robot-logging-with-ROS2-jazzy/myros2_ws/build/nav2_loopback_sim/build install --record /home/tersoo/autonomous-robot-logging-with-ROS2-jazzy/myros2_ws/build/nav2_loopback_sim/install.log --single-version-externally-managed install_data
[6.055s] running egg_info
[6.055s] creating ../../../build/nav2_loopback_sim/nav2_loopback_sim.egg-info
[6.084s] writing ../../../build/nav2_loopback_sim/nav2_loopback_sim.egg-info/PKG-INFO
[6.084s] writing dependency_links to ../../../build/nav2_loopback_sim/nav2_loopback_sim.egg-info/dependency_links.txt
[6.084s] writing entry points to ../../../build/nav2_loopback_sim/nav2_loopback_sim.egg-info/entry_points.txt
[6.085s] writing requirements to ../../../build/nav2_loopback_sim/nav2_loopback_sim.egg-info/requires.txt
[6.085s] writing top-level names to ../../../build/nav2_loopback_sim/nav2_loopback_sim.egg-info/top_level.txt
[6.085s] writing manifest file '../../../build/nav2_loopback_sim/nav2_loopback_sim.egg-info/SOURCES.txt'
[6.144s] reading manifest file '../../../build/nav2_loopback_sim/nav2_loopback_sim.egg-info/SOURCES.txt'
[6.145s] writing manifest file '../../../build/nav2_loopback_sim/nav2_loopback_sim.egg-info/SOURCES.txt'
[6.145s] running build
[6.146s] running build_py
[6.146s] creating /home/tersoo/autonomous-robot-logging-with-ROS2-jazzy/myros2_ws/build/nav2_loopback_sim/build
[6.146s] creating /home/tersoo/autonomous-robot-logging-with-ROS2-jazzy/myros2_ws/build/nav2_loopback_sim/build/lib
[6.146s] creating /home/tersoo/autonomous-robot-logging-with-ROS2-jazzy/myros2_ws/build/nav2_loopback_sim/build/lib/nav2_loopback_sim
[6.146s] copying nav2_loopback_sim/utils.py -> /home/tersoo/autonomous-robot-logging-with-ROS2-jazzy/myros2_ws/build/nav2_loopback_sim/build/lib/nav2_loopback_sim
[6.147s] copying nav2_loopback_sim/loopback_simulator.py -> /home/tersoo/autonomous-robot-logging-with-ROS2-jazzy/myros2_ws/build/nav2_loopback_sim/build/lib/nav2_loopback_sim
[6.147s] running install
[6.156s] running install_lib
[6.185s] creating /home/tersoo/autonomous-robot-logging-with-ROS2-jazzy/myros2_ws/install/nav2_loopback_sim/lib/python3.12/site-packages/nav2_loopback_sim
[6.186s] copying /home/tersoo/autonomous-robot-logging-with-ROS2-jazzy/myros2_ws/build/nav2_loopback_sim/build/lib/nav2_loopback_sim/utils.py -> /home/tersoo/autonomous-robot-logging-with-ROS2-jazzy/myros2_ws/install/nav2_loopback_sim/lib/python3.12/site-packages/nav2_loopback_sim
[6.186s] copying /home/tersoo/autonomous-robot-logging-with-ROS2-jazzy/myros2_ws/build/nav2_loopback_sim/build/lib/nav2_loopback_sim/loopback_simulator.py -> /home/tersoo/autonomous-robot-logging-with-ROS2-jazzy/myros2_ws/install/nav2_loopback_sim/lib/python3.12/site-packages/nav2_loopback_sim
[6.186s] byte-compiling /home/tersoo/autonomous-robot-logging-with-ROS2-jazzy/myros2_ws/install/nav2_loopback_sim/lib/python3.12/site-packages/nav2_loopback_sim/utils.py to utils.cpython-312.pyc
[6.187s] byte-compiling /home/tersoo/autonomous-robot-logging-with-ROS2-jazzy/myros2_ws/install/nav2_loopback_sim/lib/python3.12/site-packages/nav2_loopback_sim/loopback_simulator.py to loopback_simulator.cpython-312.pyc
[6.192s] running install_data
[6.192s] creating /home/tersoo/autonomous-robot-logging-with-ROS2-jazzy/myros2_ws/install/nav2_loopback_sim/share/ament_index
[6.192s] creating /home/tersoo/autonomous-robot-logging-with-ROS2-jazzy/myros2_ws/install/nav2_loopback_sim/share/ament_index/resource_index
[6.192s] creating /home/tersoo/autonomous-robot-logging-with-ROS2-jazzy/myros2_ws/install/nav2_loopback_sim/share/ament_index/resource_index/packages
[6.192s] copying resource/nav2_loopback_sim -> /home/tersoo/autonomous-robot-logging-with-ROS2-jazzy/myros2_ws/install/nav2_loopback_sim/share/ament_index/resource_index/packages
[6.193s] copying package.xml -> /home/tersoo/autonomous-robot-logging-with-ROS2-jazzy/myros2_ws/install/nav2_loopback_sim/share/nav2_loopback_sim
[6.193s] copying launch/loopback_simulation.launch.py -> /home/tersoo/autonomous-robot-logging-with-ROS2-jazzy/myros2_ws/install/nav2_loopback_sim/share/nav2_loopback_sim
[6.193s] running install_egg_info
[6.225s] Copying ../../../build/nav2_loopback_sim/nav2_loopback_sim.egg-info to /home/tersoo/autonomous-robot-logging-with-ROS2-jazzy/myros2_ws/install/nav2_loopback_sim/lib/python3.12/site-packages/nav2_loopback_sim-1.0.0-py3.12.egg-info
[6.226s] running install_scripts
[6.418s] Installing loopback_simulator script to /home/tersoo/autonomous-robot-logging-with-ROS2-jazzy/myros2_ws/install/nav2_loopback_sim/lib/nav2_loopback_sim
[6.419s] writing list of installed files to '/home/tersoo/autonomous-robot-logging-with-ROS2-jazzy/myros2_ws/build/nav2_loopback_sim/install.log'
[6.474s] Invoked command in '/home/tersoo/autonomous-robot-logging-with-ROS2-jazzy/myros2_ws/src/navigation2/nav2_loopback_sim' returned '0': DEBUGINFOD_URLS=https://debuginfod.ubuntu.com PYTHONPATH=/home/tersoo/autonomous-robot-logging-with-ROS2-jazzy/myros2_ws/build/nav2_loopback_sim/prefix_override:/usr/lib/python3/dist-packages/colcon_core/task/python/colcon_distutils_commands:/home/tersoo/autonomous-robot-logging-with-ROS2-jazzy/myros2_ws/install/nav2_loopback_sim/lib/python3.12/site-packages:${PYTHONPATH} /usr/bin/python3 -W ignore:setup.py install is deprecated -W ignore:easy_install command is deprecated setup.py egg_info --egg-base ../../../build/nav2_loopback_sim build --build-base /home/tersoo/autonomous-robot-logging-with-ROS2-jazzy/myros2_ws/build/nav2_loopback_sim/build install --record /home/tersoo/autonomous-robot-logging-with-ROS2-jazzy/myros2_ws/build/nav2_loopback_sim/install.log --single-version-externally-managed install_data
