[1.206s] Invoking command in '/home/tersoo/autonomous-robot-logging-with-ROS2-jazzy/myros2_ws/src/navigation2/nav2_simple_commander': AMENT_PREFIX_PATH=/home/tersoo/autonomous-robot-logging-with-ROS2-jazzy/myros2_ws/install/nav2_msgs:/home/tersoo/autonomous-robot-logging-with-ROS2-jazzy/myros2_ws/install/nav2_common:${AMENT_PREFIX_PATH} CMAKE_PREFIX_PATH=/home/tersoo/autonomous-robot-logging-with-ROS2-jazzy/myros2_ws/install/nav2_msgs:/home/tersoo/autonomous-robot-logging-with-ROS2-jazzy/myros2_ws/install/nav2_common:${CMAKE_PREFIX_PATH} DEBUGINFOD_URLS=https://debuginfod.ubuntu.com LD_LIBRARY_PATH=/home/tersoo/autonomous-robot-logging-with-ROS2-jazzy/myros2_ws/install/nav2_msgs/lib:${LD_LIBRARY_PATH} PYTHONPATH=/home/tersoo/autonomous-robot-logging-with-ROS2-jazzy/myros2_ws/build/nav2_simple_commander/prefix_override:/usr/lib/python3/dist-packages/colcon_core/task/python/colcon_distutils_commands:/home/tersoo/autonomous-robot-logging-with-ROS2-jazzy/myros2_ws/install/nav2_simple_commander/lib/python3.12/site-packages:/home/tersoo/autonomous-robot-logging-with-ROS2-jazzy/myros2_ws/install/nav2_msgs/lib/python3.12/site-packages:/home/tersoo/autonomous-robot-logging-with-ROS2-jazzy/myros2_ws/install/nav2_common/lib/python3.12/site-packages:${PYTHONPATH} /usr/bin/python3 -W ignore:setup.py install is deprecated -W ignore:easy_install command is deprecated setup.py egg_info --egg-base ../../../build/nav2_simple_commander build --build-base /home/tersoo/autonomous-robot-logging-with-ROS2-jazzy/myros2_ws/build/nav2_simple_commander/build install --record /home/tersoo/autonomous-robot-logging-with-ROS2-jazzy/myros2_ws/build/nav2_simple_commander/install.log --single-version-externally-managed install_data
[1.553s] running egg_info
[1.554s] creating ../../../build/nav2_simple_commander/nav2_simple_commander.egg-info
[1.580s] writing ../../../build/nav2_simple_commander/nav2_simple_commander.egg-info/PKG-INFO
[1.580s] writing dependency_links to ../../../build/nav2_simple_commander/nav2_simple_commander.egg-info/dependency_links.txt
[1.581s] writing entry points to ../../../build/nav2_simple_commander/nav2_simple_commander.egg-info/entry_points.txt
[1.581s] writing requirements to ../../../build/nav2_simple_commander/nav2_simple_commander.egg-info/requires.txt
[1.581s] writing top-level names to ../../../build/nav2_simple_commander/nav2_simple_commander.egg-info/top_level.txt
[1.581s] writing manifest file '../../../build/nav2_simple_commander/nav2_simple_commander.egg-info/SOURCES.txt'
[1.636s] reading manifest file '../../../build/nav2_simple_commander/nav2_simple_commander.egg-info/SOURCES.txt'
[1.637s] writing manifest file '../../../build/nav2_simple_commander/nav2_simple_commander.egg-info/SOURCES.txt'
[1.637s] running build
[1.637s] running build_py
[1.637s] creating /home/tersoo/autonomous-robot-logging-with-ROS2-jazzy/myros2_ws/build/nav2_simple_commander/build
[1.638s] creating /home/tersoo/autonomous-robot-logging-with-ROS2-jazzy/myros2_ws/build/nav2_simple_commander/build/lib
[1.638s] creating /home/tersoo/autonomous-robot-logging-with-ROS2-jazzy/myros2_ws/build/nav2_simple_commander/build/lib/nav2_simple_commander
[1.638s] copying nav2_simple_commander/utils.py -> /home/tersoo/autonomous-robot-logging-with-ROS2-jazzy/myros2_ws/build/nav2_simple_commander/build/lib/nav2_simple_commander
[1.835s] copying nav2_simple_commander/robot_navigator.py -> /home/tersoo/autonomous-robot-logging-with-ROS2-jazzy/myros2_ws/build/nav2_simple_commander/build/lib/nav2_simple_commander
[2.109s] copying nav2_simple_commander/example_nav_through_poses.py -> /home/tersoo/autonomous-robot-logging-with-ROS2-jazzy/myros2_ws/build/nav2_simple_commander/build/lib/nav2_simple_commander
[2.112s] copying nav2_simple_commander/footprint_collision_checker.py -> /home/tersoo/autonomous-robot-logging-with-ROS2-jazzy/myros2_ws/build/nav2_simple_commander/build/lib/nav2_simple_commander
[2.257s] copying nav2_simple_commander/example_assisted_teleop.py -> /home/tersoo/autonomous-robot-logging-with-ROS2-jazzy/myros2_ws/build/nav2_simple_commander/build/lib/nav2_simple_commander
[2.366s] copying nav2_simple_commander/demo_inspection.py -> /home/tersoo/autonomous-robot-logging-with-ROS2-jazzy/myros2_ws/build/nav2_simple_commander/build/lib/nav2_simple_commander
[2.367s] copying nav2_simple_commander/line_iterator.py -> /home/tersoo/autonomous-robot-logging-with-ROS2-jazzy/myros2_ws/build/nav2_simple_commander/build/lib/nav2_simple_commander
[2.512s] copying nav2_simple_commander/demo_security.py -> /home/tersoo/autonomous-robot-logging-with-ROS2-jazzy/myros2_ws/build/nav2_simple_commander/build/lib/nav2_simple_commander
[2.638s] copying nav2_simple_commander/demo_recoveries.py -> /home/tersoo/autonomous-robot-logging-with-ROS2-jazzy/myros2_ws/build/nav2_simple_commander/build/lib/nav2_simple_commander
[2.640s] copying nav2_simple_commander/costmap_2d.py -> /home/tersoo/autonomous-robot-logging-with-ROS2-jazzy/myros2_ws/build/nav2_simple_commander/build/lib/nav2_simple_commander
[2.776s] copying nav2_simple_commander/__init__.py -> /home/tersoo/autonomous-robot-logging-with-ROS2-jazzy/myros2_ws/build/nav2_simple_commander/build/lib/nav2_simple_commander
[2.776s] copying nav2_simple_commander/example_nav_to_pose.py -> /home/tersoo/autonomous-robot-logging-with-ROS2-jazzy/myros2_ws/build/nav2_simple_commander/build/lib/nav2_simple_commander
[2.778s] copying nav2_simple_commander/demo_picking.py -> /home/tersoo/autonomous-robot-logging-with-ROS2-jazzy/myros2_ws/build/nav2_simple_commander/build/lib/nav2_simple_commander
[2.882s] copying nav2_simple_commander/example_follow_path.py -> /home/tersoo/autonomous-robot-logging-with-ROS2-jazzy/myros2_ws/build/nav2_simple_commander/build/lib/nav2_simple_commander
[2.894s] copying nav2_simple_commander/example_waypoint_follower.py -> /home/tersoo/autonomous-robot-logging-with-ROS2-jazzy/myros2_ws/build/nav2_simple_commander/build/lib/nav2_simple_commander
[2.907s] running install
[2.923s] running install_lib
[2.970s] creating /home/tersoo/autonomous-robot-logging-with-ROS2-jazzy/myros2_ws/install/nav2_simple_commander/lib/python3.12/site-packages/nav2_simple_commander
[2.971s] copying /home/tersoo/autonomous-robot-logging-with-ROS2-jazzy/myros2_ws/build/nav2_simple_commander/build/lib/nav2_simple_commander/utils.py -> /home/tersoo/autonomous-robot-logging-with-ROS2-jazzy/myros2_ws/install/nav2_simple_commander/lib/python3.12/site-packages/nav2_simple_commander
[2.971s] copying /home/tersoo/autonomous-robot-logging-with-ROS2-jazzy/myros2_ws/build/nav2_simple_commander/build/lib/nav2_simple_commander/robot_navigator.py -> /home/tersoo/autonomous-robot-logging-with-ROS2-jazzy/myros2_ws/install/nav2_simple_commander/lib/python3.12/site-packages/nav2_simple_commander
[2.971s] copying /home/tersoo/autonomous-robot-logging-with-ROS2-jazzy/myros2_ws/build/nav2_simple_commander/build/lib/nav2_simple_commander/example_nav_through_poses.py -> /home/tersoo/autonomous-robot-logging-with-ROS2-jazzy/myros2_ws/install/nav2_simple_commander/lib/python3.12/site-packages/nav2_simple_commander
[2.972s] copying /home/tersoo/autonomous-robot-logging-with-ROS2-jazzy/myros2_ws/build/nav2_simple_commander/build/lib/nav2_simple_commander/footprint_collision_checker.py -> /home/tersoo/autonomous-robot-logging-with-ROS2-jazzy/myros2_ws/install/nav2_simple_commander/lib/python3.12/site-packages/nav2_simple_commander
[2.972s] copying /home/tersoo/autonomous-robot-logging-with-ROS2-jazzy/myros2_ws/build/nav2_simple_commander/build/lib/nav2_simple_commander/example_assisted_teleop.py -> /home/tersoo/autonomous-robot-logging-with-ROS2-jazzy/myros2_ws/install/nav2_simple_commander/lib/python3.12/site-packages/nav2_simple_commander
[2.973s] copying /home/tersoo/autonomous-robot-logging-with-ROS2-jazzy/myros2_ws/build/nav2_simple_commander/build/lib/nav2_simple_commander/demo_inspection.py -> /home/tersoo/autonomous-robot-logging-with-ROS2-jazzy/myros2_ws/install/nav2_simple_commander/lib/python3.12/site-packages/nav2_simple_commander
[2.973s] copying /home/tersoo/autonomous-robot-logging-with-ROS2-jazzy/myros2_ws/build/nav2_simple_commander/build/lib/nav2_simple_commander/line_iterator.py -> /home/tersoo/autonomous-robot-logging-with-ROS2-jazzy/myros2_ws/install/nav2_simple_commander/lib/python3.12/site-packages/nav2_simple_commander
[2.973s] copying /home/tersoo/autonomous-robot-logging-with-ROS2-jazzy/myros2_ws/build/nav2_simple_commander/build/lib/nav2_simple_commander/demo_security.py -> /home/tersoo/autonomous-robot-logging-with-ROS2-jazzy/myros2_ws/install/nav2_simple_commander/lib/python3.12/site-packages/nav2_simple_commander
[2.973s] copying /home/tersoo/autonomous-robot-logging-with-ROS2-jazzy/myros2_ws/build/nav2_simple_commander/build/lib/nav2_simple_commander/demo_recoveries.py -> /home/tersoo/autonomous-robot-logging-with-ROS2-jazzy/myros2_ws/install/nav2_simple_commander/lib/python3.12/site-packages/nav2_simple_commander
[2.974s] copying /home/tersoo/autonomous-robot-logging-with-ROS2-jazzy/myros2_ws/build/nav2_simple_commander/build/lib/nav2_simple_commander/costmap_2d.py -> /home/tersoo/autonomous-robot-logging-with-ROS2-jazzy/myros2_ws/install/nav2_simple_commander/lib/python3.12/site-packages/nav2_simple_commander
[2.974s] copying /home/tersoo/autonomous-robot-logging-with-ROS2-jazzy/myros2_ws/build/nav2_simple_commander/build/lib/nav2_simple_commander/__init__.py -> /home/tersoo/autonomous-robot-logging-with-ROS2-jazzy/myros2_ws/install/nav2_simple_commander/lib/python3.12/site-packages/nav2_simple_commander
[2.974s] copying /home/tersoo/autonomous-robot-logging-with-ROS2-jazzy/myros2_ws/build/nav2_simple_commander/build/lib/nav2_simple_commander/example_nav_to_pose.py -> /home/tersoo/autonomous-robot-logging-with-ROS2-jazzy/myros2_ws/install/nav2_simple_commander/lib/python3.12/site-packages/nav2_simple_commander
[2.974s] copying /home/tersoo/autonomous-robot-logging-with-ROS2-jazzy/myros2_ws/build/nav2_simple_commander/build/lib/nav2_simple_commander/demo_picking.py -> /home/tersoo/autonomous-robot-logging-with-ROS2-jazzy/myros2_ws/install/nav2_simple_commander/lib/python3.12/site-packages/nav2_simple_commander
[2.975s] copying /home/tersoo/autonomous-robot-logging-with-ROS2-jazzy/myros2_ws/build/nav2_simple_commander/build/lib/nav2_simple_commander/example_follow_path.py -> /home/tersoo/autonomous-robot-logging-with-ROS2-jazzy/myros2_ws/install/nav2_simple_commander/lib/python3.12/site-packages/nav2_simple_commander
[2.975s] copying /home/tersoo/autonomous-robot-logging-with-ROS2-jazzy/myros2_ws/build/nav2_simple_commander/build/lib/nav2_simple_commander/example_waypoint_follower.py -> /home/tersoo/autonomous-robot-logging-with-ROS2-jazzy/myros2_ws/install/nav2_simple_commander/lib/python3.12/site-packages/nav2_simple_commander
[2.975s] byte-compiling /home/tersoo/autonomous-robot-logging-with-ROS2-jazzy/myros2_ws/install/nav2_simple_commander/lib/python3.12/site-packages/nav2_simple_commander/utils.py to utils.cpython-312.pyc
[2.976s] byte-compiling /home/tersoo/autonomous-robot-logging-with-ROS2-jazzy/myros2_ws/install/nav2_simple_commander/lib/python3.12/site-packages/nav2_simple_commander/robot_navigator.py to robot_navigator.cpython-312.pyc
[2.982s] byte-compiling /home/tersoo/autonomous-robot-logging-with-ROS2-jazzy/myros2_ws/install/nav2_simple_commander/lib/python3.12/site-packages/nav2_simple_commander/example_nav_through_poses.py to example_nav_through_poses.cpython-312.pyc
[2.982s] byte-compiling /home/tersoo/autonomous-robot-logging-with-ROS2-jazzy/myros2_ws/install/nav2_simple_commander/lib/python3.12/site-packages/nav2_simple_commander/footprint_collision_checker.py to footprint_collision_checker.cpython-312.pyc
[2.984s] byte-compiling /home/tersoo/autonomous-robot-logging-with-ROS2-jazzy/myros2_ws/install/nav2_simple_commander/lib/python3.12/site-packages/nav2_simple_commander/example_assisted_teleop.py to example_assisted_teleop.cpython-312.pyc
[2.984s] byte-compiling /home/tersoo/autonomous-robot-logging-with-ROS2-jazzy/myros2_ws/install/nav2_simple_commander/lib/python3.12/site-packages/nav2_simple_commander/demo_inspection.py to demo_inspection.cpython-312.pyc
[2.985s] byte-compiling /home/tersoo/autonomous-robot-logging-with-ROS2-jazzy/myros2_ws/install/nav2_simple_commander/lib/python3.12/site-packages/nav2_simple_commander/line_iterator.py to line_iterator.cpython-312.pyc
[2.986s] byte-compiling /home/tersoo/autonomous-robot-logging-with-ROS2-jazzy/myros2_ws/install/nav2_simple_commander/lib/python3.12/site-packages/nav2_simple_commander/demo_security.py to demo_security.cpython-312.pyc
[2.987s] byte-compiling /home/tersoo/autonomous-robot-logging-with-ROS2-jazzy/myros2_ws/install/nav2_simple_commander/lib/python3.12/site-packages/nav2_simple_commander/demo_recoveries.py to demo_recoveries.cpython-312.pyc
[2.988s] byte-compiling /home/tersoo/autonomous-robot-logging-with-ROS2-jazzy/myros2_ws/install/nav2_simple_commander/lib/python3.12/site-packages/nav2_simple_commander/costmap_2d.py to costmap_2d.cpython-312.pyc
[2.988s] byte-compiling /home/tersoo/autonomous-robot-logging-with-ROS2-jazzy/myros2_ws/install/nav2_simple_commander/lib/python3.12/site-packages/nav2_simple_commander/__init__.py to __init__.cpython-312.pyc
[2.989s] byte-compiling /home/tersoo/autonomous-robot-logging-with-ROS2-jazzy/myros2_ws/install/nav2_simple_commander/lib/python3.12/site-packages/nav2_simple_commander/example_nav_to_pose.py to example_nav_to_pose.cpython-312.pyc
[2.989s] byte-compiling /home/tersoo/autonomous-robot-logging-with-ROS2-jazzy/myros2_ws/install/nav2_simple_commander/lib/python3.12/site-packages/nav2_simple_commander/demo_picking.py to demo_picking.cpython-312.pyc
[2.990s] byte-compiling /home/tersoo/autonomous-robot-logging-with-ROS2-jazzy/myros2_ws/install/nav2_simple_commander/lib/python3.12/site-packages/nav2_simple_commander/example_follow_path.py to example_follow_path.cpython-312.pyc
[2.991s] byte-compiling /home/tersoo/autonomous-robot-logging-with-ROS2-jazzy/myros2_ws/install/nav2_simple_commander/lib/python3.12/site-packages/nav2_simple_commander/example_waypoint_follower.py to example_waypoint_follower.cpython-312.pyc
[2.991s] running install_data
[2.992s] creating /home/tersoo/autonomous-robot-logging-with-ROS2-jazzy/myros2_ws/install/nav2_simple_commander/share/ament_index
[2.992s] creating /home/tersoo/autonomous-robot-logging-with-ROS2-jazzy/myros2_ws/install/nav2_simple_commander/share/ament_index/resource_index
[2.992s] creating /home/tersoo/autonomous-robot-logging-with-ROS2-jazzy/myros2_ws/install/nav2_simple_commander/share/ament_index/resource_index/packages
[2.993s] copying resource/nav2_simple_commander -> /home/tersoo/autonomous-robot-logging-with-ROS2-jazzy/myros2_ws/install/nav2_simple_commander/share/ament_index/resource_index/packages
[2.993s] copying package.xml -> /home/tersoo/autonomous-robot-logging-with-ROS2-jazzy/myros2_ws/install/nav2_simple_commander/share/nav2_simple_commander
[2.993s] copying launch/security_demo_launch.py -> /home/tersoo/autonomous-robot-logging-with-ROS2-jazzy/myros2_ws/install/nav2_simple_commander/share/nav2_simple_commander
[2.994s] copying launch/waypoint_follower_example_launch.py -> /home/tersoo/autonomous-robot-logging-with-ROS2-jazzy/myros2_ws/install/nav2_simple_commander/share/nav2_simple_commander
[2.994s] copying launch/inspection_demo_launch.py -> /home/tersoo/autonomous-robot-logging-with-ROS2-jazzy/myros2_ws/install/nav2_simple_commander/share/nav2_simple_commander
[2.994s] copying launch/recoveries_example_launch.py -> /home/tersoo/autonomous-robot-logging-with-ROS2-jazzy/myros2_ws/install/nav2_simple_commander/share/nav2_simple_commander
[2.994s] copying launch/picking_demo_launch.py -> /home/tersoo/autonomous-robot-logging-with-ROS2-jazzy/myros2_ws/install/nav2_simple_commander/share/nav2_simple_commander
[2.995s] copying launch/assisted_teleop_example_launch.py -> /home/tersoo/autonomous-robot-logging-with-ROS2-jazzy/myros2_ws/install/nav2_simple_commander/share/nav2_simple_commander
[2.995s] copying launch/nav_to_pose_example_launch.py -> /home/tersoo/autonomous-robot-logging-with-ROS2-jazzy/myros2_ws/install/nav2_simple_commander/share/nav2_simple_commander
[2.995s] copying launch/nav_through_poses_example_launch.py -> /home/tersoo/autonomous-robot-logging-with-ROS2-jazzy/myros2_ws/install/nav2_simple_commander/share/nav2_simple_commander
[2.996s] copying launch/follow_path_example_launch.py -> /home/tersoo/autonomous-robot-logging-with-ROS2-jazzy/myros2_ws/install/nav2_simple_commander/share/nav2_simple_commander
[2.996s] running install_egg_info
[3.026s] Copying ../../../build/nav2_simple_commander/nav2_simple_commander.egg-info to /home/tersoo/autonomous-robot-logging-with-ROS2-jazzy/myros2_ws/install/nav2_simple_commander/lib/python3.12/site-packages/nav2_simple_commander-1.0.0-py3.12.egg-info
[3.027s] running install_scripts
[3.211s] Installing demo_inspection script to /home/tersoo/autonomous-robot-logging-with-ROS2-jazzy/myros2_ws/install/nav2_simple_commander/lib/nav2_simple_commander
[3.211s] Installing demo_picking script to /home/tersoo/autonomous-robot-logging-with-ROS2-jazzy/myros2_ws/install/nav2_simple_commander/lib/nav2_simple_commander
[3.212s] Installing demo_recoveries script to /home/tersoo/autonomous-robot-logging-with-ROS2-jazzy/myros2_ws/install/nav2_simple_commander/lib/nav2_simple_commander
[3.212s] Installing demo_security script to /home/tersoo/autonomous-robot-logging-with-ROS2-jazzy/myros2_ws/install/nav2_simple_commander/lib/nav2_simple_commander
[3.212s] Installing example_assisted_teleop script to /home/tersoo/autonomous-robot-logging-with-ROS2-jazzy/myros2_ws/install/nav2_simple_commander/lib/nav2_simple_commander
[3.212s] Installing example_follow_path script to /home/tersoo/autonomous-robot-logging-with-ROS2-jazzy/myros2_ws/install/nav2_simple_commander/lib/nav2_simple_commander
[3.213s] Installing example_nav_through_poses script to /home/tersoo/autonomous-robot-logging-with-ROS2-jazzy/myros2_ws/install/nav2_simple_commander/lib/nav2_simple_commander
[3.213s] Installing example_nav_to_pose script to /home/tersoo/autonomous-robot-logging-with-ROS2-jazzy/myros2_ws/install/nav2_simple_commander/lib/nav2_simple_commander
[3.213s] Installing example_waypoint_follower script to /home/tersoo/autonomous-robot-logging-with-ROS2-jazzy/myros2_ws/install/nav2_simple_commander/lib/nav2_simple_commander
[3.213s] writing list of installed files to '/home/tersoo/autonomous-robot-logging-with-ROS2-jazzy/myros2_ws/build/nav2_simple_commander/install.log'
[3.248s] Invoked command in '/home/tersoo/autonomous-robot-logging-with-ROS2-jazzy/myros2_ws/src/navigation2/nav2_simple_commander' returned '0': AMENT_PREFIX_PATH=/home/tersoo/autonomous-robot-logging-with-ROS2-jazzy/myros2_ws/install/nav2_msgs:/home/tersoo/autonomous-robot-logging-with-ROS2-jazzy/myros2_ws/install/nav2_common:${AMENT_PREFIX_PATH} CMAKE_PREFIX_PATH=/home/tersoo/autonomous-robot-logging-with-ROS2-jazzy/myros2_ws/install/nav2_msgs:/home/tersoo/autonomous-robot-logging-with-ROS2-jazzy/myros2_ws/install/nav2_common:${CMAKE_PREFIX_PATH} DEBUGINFOD_URLS=https://debuginfod.ubuntu.com LD_LIBRARY_PATH=/home/tersoo/autonomous-robot-logging-with-ROS2-jazzy/myros2_ws/install/nav2_msgs/lib:${LD_LIBRARY_PATH} PYTHONPATH=/home/tersoo/autonomous-robot-logging-with-ROS2-jazzy/myros2_ws/build/nav2_simple_commander/prefix_override:/usr/lib/python3/dist-packages/colcon_core/task/python/colcon_distutils_commands:/home/tersoo/autonomous-robot-logging-with-ROS2-jazzy/myros2_ws/install/nav2_simple_commander/lib/python3.12/site-packages:/home/tersoo/autonomous-robot-logging-with-ROS2-jazzy/myros2_ws/install/nav2_msgs/lib/python3.12/site-packages:/home/tersoo/autonomous-robot-logging-with-ROS2-jazzy/myros2_ws/install/nav2_common/lib/python3.12/site-packages:${PYTHONPATH} /usr/bin/python3 -W ignore:setup.py install is deprecated -W ignore:easy_install command is deprecated setup.py egg_info --egg-base ../../../build/nav2_simple_commander build --build-base /home/tersoo/autonomous-robot-logging-with-ROS2-jazzy/myros2_ws/build/nav2_simple_commander/build install --record /home/tersoo/autonomous-robot-logging-with-ROS2-jazzy/myros2_ws/build/nav2_simple_commander/install.log --single-version-externally-managed install_data
