/home/tersoo/autonomous-robot-logging-with-ROS2-jazzy/myros2_ws/install/nav2_simple_commander/lib/python3.12/site-packages/nav2_simple_commander/utils.py
/home/tersoo/autonomous-robot-logging-with-ROS2-jazzy/myros2_ws/install/nav2_simple_commander/lib/python3.12/site-packages/nav2_simple_commander/robot_navigator.py
/home/tersoo/autonomous-robot-logging-with-ROS2-jazzy/myros2_ws/install/nav2_simple_commander/lib/python3.12/site-packages/nav2_simple_commander/example_nav_through_poses.py
/home/tersoo/autonomous-robot-logging-with-ROS2-jazzy/myros2_ws/install/nav2_simple_commander/lib/python3.12/site-packages/nav2_simple_commander/footprint_collision_checker.py
/home/tersoo/autonomous-robot-logging-with-ROS2-jazzy/myros2_ws/install/nav2_simple_commander/lib/python3.12/site-packages/nav2_simple_commander/example_assisted_teleop.py
/home/tersoo/autonomous-robot-logging-with-ROS2-jazzy/myros2_ws/install/nav2_simple_commander/lib/python3.12/site-packages/nav2_simple_commander/demo_inspection.py
/home/tersoo/autonomous-robot-logging-with-ROS2-jazzy/myros2_ws/install/nav2_simple_commander/lib/python3.12/site-packages/nav2_simple_commander/line_iterator.py
/home/tersoo/autonomous-robot-logging-with-ROS2-jazzy/myros2_ws/install/nav2_simple_commander/lib/python3.12/site-packages/nav2_simple_commander/demo_security.py
/home/tersoo/autonomous-robot-logging-with-ROS2-jazzy/myros2_ws/install/nav2_simple_commander/lib/python3.12/site-packages/nav2_simple_commander/demo_recoveries.py
/home/tersoo/autonomous-robot-logging-with-ROS2-jazzy/myros2_ws/install/nav2_simple_commander/lib/python3.12/site-packages/nav2_simple_commander/costmap_2d.py
/home/tersoo/autonomous-robot-logging-with-ROS2-jazzy/myros2_ws/install/nav2_simple_commander/lib/python3.12/site-packages/nav2_simple_commander/__init__.py
/home/tersoo/autonomous-robot-logging-with-ROS2-jazzy/myros2_ws/install/nav2_simple_commander/lib/python3.12/site-packages/nav2_simple_commander/example_nav_to_pose.py
/home/tersoo/autonomous-robot-logging-with-ROS2-jazzy/myros2_ws/install/nav2_simple_commander/lib/python3.12/site-packages/nav2_simple_commander/demo_picking.py
/home/tersoo/autonomous-robot-logging-with-ROS2-jazzy/myros2_ws/install/nav2_simple_commander/lib/python3.12/site-packages/nav2_simple_commander/example_follow_path.py
/home/tersoo/autonomous-robot-logging-with-ROS2-jazzy/myros2_ws/install/nav2_simple_commander/lib/python3.12/site-packages/nav2_simple_commander/example_waypoint_follower.py
/home/tersoo/autonomous-robot-logging-with-ROS2-jazzy/myros2_ws/install/nav2_simple_commander/lib/python3.12/site-packages/nav2_simple_commander/__pycache__/utils.cpython-312.pyc
/home/tersoo/autonomous-robot-logging-with-ROS2-jazzy/myros2_ws/install/nav2_simple_commander/lib/python3.12/site-packages/nav2_simple_commander/__pycache__/robot_navigator.cpython-312.pyc
/home/tersoo/autonomous-robot-logging-with-ROS2-jazzy/myros2_ws/install/nav2_simple_commander/lib/python3.12/site-packages/nav2_simple_commander/__pycache__/example_nav_through_poses.cpython-312.pyc
/home/tersoo/autonomous-robot-logging-with-ROS2-jazzy/myros2_ws/install/nav2_simple_commander/lib/python3.12/site-packages/nav2_simple_commander/__pycache__/footprint_collision_checker.cpython-312.pyc
/home/tersoo/autonomous-robot-logging-with-ROS2-jazzy/myros2_ws/install/nav2_simple_commander/lib/python3.12/site-packages/nav2_simple_commander/__pycache__/example_assisted_teleop.cpython-312.pyc
/home/tersoo/autonomous-robot-logging-with-ROS2-jazzy/myros2_ws/install/nav2_simple_commander/lib/python3.12/site-packages/nav2_simple_commander/__pycache__/demo_inspection.cpython-312.pyc
/home/tersoo/autonomous-robot-logging-with-ROS2-jazzy/myros2_ws/install/nav2_simple_commander/lib/python3.12/site-packages/nav2_simple_commander/__pycache__/line_iterator.cpython-312.pyc
/home/tersoo/autonomous-robot-logging-with-ROS2-jazzy/myros2_ws/install/nav2_simple_commander/lib/python3.12/site-packages/nav2_simple_commander/__pycache__/demo_security.cpython-312.pyc
/home/tersoo/autonomous-robot-logging-with-ROS2-jazzy/myros2_ws/install/nav2_simple_commander/lib/python3.12/site-packages/nav2_simple_commander/__pycache__/demo_recoveries.cpython-312.pyc
/home/tersoo/autonomous-robot-logging-with-ROS2-jazzy/myros2_ws/install/nav2_simple_commander/lib/python3.12/site-packages/nav2_simple_commander/__pycache__/costmap_2d.cpython-312.pyc
/home/tersoo/autonomous-robot-logging-with-ROS2-jazzy/myros2_ws/install/nav2_simple_commander/lib/python3.12/site-packages/nav2_simple_commander/__pycache__/__init__.cpython-312.pyc
/home/tersoo/autonomous-robot-logging-with-ROS2-jazzy/myros2_ws/install/nav2_simple_commander/lib/python3.12/site-packages/nav2_simple_commander/__pycache__/example_nav_to_pose.cpython-312.pyc
/home/tersoo/autonomous-robot-logging-with-ROS2-jazzy/myros2_ws/install/nav2_simple_commander/lib/python3.12/site-packages/nav2_simple_commander/__pycache__/demo_picking.cpython-312.pyc
/home/tersoo/autonomous-robot-logging-with-ROS2-jazzy/myros2_ws/install/nav2_simple_commander/lib/python3.12/site-packages/nav2_simple_commander/__pycache__/example_follow_path.cpython-312.pyc
/home/tersoo/autonomous-robot-logging-with-ROS2-jazzy/myros2_ws/install/nav2_simple_commander/lib/python3.12/site-packages/nav2_simple_commander/__pycache__/example_waypoint_follower.cpython-312.pyc
/home/tersoo/autonomous-robot-logging-with-ROS2-jazzy/myros2_ws/install/nav2_simple_commander/share/ament_index/resource_index/packages/nav2_simple_commander
/home/tersoo/autonomous-robot-logging-with-ROS2-jazzy/myros2_ws/install/nav2_simple_commander/share/nav2_simple_commander/package.xml
/home/tersoo/autonomous-robot-logging-with-ROS2-jazzy/myros2_ws/install/nav2_simple_commander/share/nav2_simple_commander/security_demo_launch.py
/home/tersoo/autonomous-robot-logging-with-ROS2-jazzy/myros2_ws/install/nav2_simple_commander/share/nav2_simple_commander/waypoint_follower_example_launch.py
/home/tersoo/autonomous-robot-logging-with-ROS2-jazzy/myros2_ws/install/nav2_simple_commander/share/nav2_simple_commander/inspection_demo_launch.py
/home/tersoo/autonomous-robot-logging-with-ROS2-jazzy/myros2_ws/install/nav2_simple_commander/share/nav2_simple_commander/recoveries_example_launch.py
/home/tersoo/autonomous-robot-logging-with-ROS2-jazzy/myros2_ws/install/nav2_simple_commander/share/nav2_simple_commander/picking_demo_launch.py
/home/tersoo/autonomous-robot-logging-with-ROS2-jazzy/myros2_ws/install/nav2_simple_commander/share/nav2_simple_commander/assisted_teleop_example_launch.py
/home/tersoo/autonomous-robot-logging-with-ROS2-jazzy/myros2_ws/install/nav2_simple_commander/share/nav2_simple_commander/nav_to_pose_example_launch.py
/home/tersoo/autonomous-robot-logging-with-ROS2-jazzy/myros2_ws/install/nav2_simple_commander/share/nav2_simple_commander/nav_through_poses_example_launch.py
/home/tersoo/autonomous-robot-logging-with-ROS2-jazzy/myros2_ws/install/nav2_simple_commander/share/nav2_simple_commander/follow_path_example_launch.py
/home/tersoo/autonomous-robot-logging-with-ROS2-jazzy/myros2_ws/install/nav2_simple_commander/lib/python3.12/site-packages/nav2_simple_commander-1.0.0-py3.12.egg-info/SOURCES.txt
/home/tersoo/autonomous-robot-logging-with-ROS2-jazzy/myros2_ws/install/nav2_simple_commander/lib/python3.12/site-packages/nav2_simple_commander-1.0.0-py3.12.egg-info/dependency_links.txt
/home/tersoo/autonomous-robot-logging-with-ROS2-jazzy/myros2_ws/install/nav2_simple_commander/lib/python3.12/site-packages/nav2_simple_commander-1.0.0-py3.12.egg-info/entry_points.txt
/home/tersoo/autonomous-robot-logging-with-ROS2-jazzy/myros2_ws/install/nav2_simple_commander/lib/python3.12/site-packages/nav2_simple_commander-1.0.0-py3.12.egg-info/PKG-INFO
/home/tersoo/autonomous-robot-logging-with-ROS2-jazzy/myros2_ws/install/nav2_simple_commander/lib/python3.12/site-packages/nav2_simple_commander-1.0.0-py3.12.egg-info/zip-safe
/home/tersoo/autonomous-robot-logging-with-ROS2-jazzy/myros2_ws/install/nav2_simple_commander/lib/python3.12/site-packages/nav2_simple_commander-1.0.0-py3.12.egg-info/top_level.txt
/home/tersoo/autonomous-robot-logging-with-ROS2-jazzy/myros2_ws/install/nav2_simple_commander/lib/python3.12/site-packages/nav2_simple_commander-1.0.0-py3.12.egg-info/requires.txt
/home/tersoo/autonomous-robot-logging-with-ROS2-jazzy/myros2_ws/install/nav2_simple_commander/lib/nav2_simple_commander/demo_inspection
/home/tersoo/autonomous-robot-logging-with-ROS2-jazzy/myros2_ws/install/nav2_simple_commander/lib/nav2_simple_commander/demo_picking
/home/tersoo/autonomous-robot-logging-with-ROS2-jazzy/myros2_ws/install/nav2_simple_commander/lib/nav2_simple_commander/demo_recoveries
/home/tersoo/autonomous-robot-logging-with-ROS2-jazzy/myros2_ws/install/nav2_simple_commander/lib/nav2_simple_commander/demo_security
/home/tersoo/autonomous-robot-logging-with-ROS2-jazzy/myros2_ws/install/nav2_simple_commander/lib/nav2_simple_commander/example_assisted_teleop
/home/tersoo/autonomous-robot-logging-with-ROS2-jazzy/myros2_ws/install/nav2_simple_commander/lib/nav2_simple_commander/example_follow_path
/home/tersoo/autonomous-robot-logging-with-ROS2-jazzy/myros2_ws/install/nav2_simple_commander/lib/nav2_simple_commander/example_nav_through_poses
/home/tersoo/autonomous-robot-logging-with-ROS2-jazzy/myros2_ws/install/nav2_simple_commander/lib/nav2_simple_commander/example_nav_to_pose
/home/tersoo/autonomous-robot-logging-with-ROS2-jazzy/myros2_ws/install/nav2_simple_commander/lib/nav2_simple_commander/example_waypoint_follower
