[1.490s] Invoking command in '/home/tersoo/autonomous-robot-logging-with-ROS2-jazzy/myros2_ws/src/waypoint_runner': DEBUGINFOD_URLS=https://debuginfod.ubuntu.com PYTHONPATH=/home/tersoo/autonomous-robot-logging-with-ROS2-jazzy/myros2_ws/build/waypoint_runner/prefix_override:/usr/lib/python3/dist-packages/colcon_core/task/python/colcon_distutils_commands:/home/tersoo/autonomous-robot-logging-with-ROS2-jazzy/myros2_ws/install/waypoint_runner/lib/python3.12/site-packages:${PYTHONPATH} /usr/bin/python3 -W ignore:setup.py install is deprecated -W ignore:easy_install command is deprecated setup.py egg_info --egg-base ../../build/waypoint_runner build --build-base /home/tersoo/autonomous-robot-logging-with-ROS2-jazzy/myros2_ws/build/waypoint_runner/build install --record /home/tersoo/autonomous-robot-logging-with-ROS2-jazzy/myros2_ws/build/waypoint_runner/install.log --single-version-externally-managed install_data
[1.873s] running egg_info
[1.904s] writing ../../build/waypoint_runner/waypoint_runner.egg-info/PKG-INFO
[1.904s] writing dependency_links to ../../build/waypoint_runner/waypoint_runner.egg-info/dependency_links.txt
[1.905s] writing entry points to ../../build/waypoint_runner/waypoint_runner.egg-info/entry_points.txt
[1.905s] writing requirements to ../../build/waypoint_runner/waypoint_runner.egg-info/requires.txt
[1.905s] writing top-level names to ../../build/waypoint_runner/waypoint_runner.egg-info/top_level.txt
[1.966s] reading manifest file '../../build/waypoint_runner/waypoint_runner.egg-info/SOURCES.txt'
[1.967s] writing manifest file '../../build/waypoint_runner/waypoint_runner.egg-info/SOURCES.txt'
[1.967s] running build
[1.968s] running build_py
[1.968s] running install
[1.975s] running install_lib
[2.008s] running install_data
[2.008s] running install_egg_info
[2.041s] removing '/home/tersoo/autonomous-robot-logging-with-ROS2-jazzy/myros2_ws/install/waypoint_runner/lib/python3.12/site-packages/waypoint_runner-0.0.0-py3.12.egg-info' (and everything under it)
[2.041s] Copying ../../build/waypoint_runner/waypoint_runner.egg-info to /home/tersoo/autonomous-robot-logging-with-ROS2-jazzy/myros2_ws/install/waypoint_runner/lib/python3.12/site-packages/waypoint_runner-0.0.0-py3.12.egg-info
[2.042s] running install_scripts
[2.239s] Installing visit_points script to /home/tersoo/autonomous-robot-logging-with-ROS2-jazzy/myros2_ws/install/waypoint_runner/lib/waypoint_runner
[2.239s] writing list of installed files to '/home/tersoo/autonomous-robot-logging-with-ROS2-jazzy/myros2_ws/build/waypoint_runner/install.log'
[2.273s] Invoked command in '/home/tersoo/autonomous-robot-logging-with-ROS2-jazzy/myros2_ws/src/waypoint_runner' returned '0': DEBUGINFOD_URLS=https://debuginfod.ubuntu.com PYTHONPATH=/home/tersoo/autonomous-robot-logging-with-ROS2-jazzy/myros2_ws/build/waypoint_runner/prefix_override:/usr/lib/python3/dist-packages/colcon_core/task/python/colcon_distutils_commands:/home/tersoo/autonomous-robot-logging-with-ROS2-jazzy/myros2_ws/install/waypoint_runner/lib/python3.12/site-packages:${PYTHONPATH} /usr/bin/python3 -W ignore:setup.py install is deprecated -W ignore:easy_install command is deprecated setup.py egg_info --egg-base ../../build/waypoint_runner build --build-base /home/tersoo/autonomous-robot-logging-with-ROS2-jazzy/myros2_ws/build/waypoint_runner/build install --record /home/tersoo/autonomous-robot-logging-with-ROS2-jazzy/myros2_ws/build/waypoint_runner/install.log --single-version-externally-managed install_data
