[1.028s] Invoking command in '/home/tersoo/autonomous-robot-logging-with-ROS2-jazzy/ros2_ws/src/robot_logging': DEBUGINFOD_URLS=https://debuginfod.ubuntu.com PYTHONPATH=/home/tersoo/autonomous-robot-logging-with-ROS2-jazzy/ros2_ws/build/robot_logging/prefix_override:/usr/lib/python3/dist-packages/colcon_core/task/python/colcon_distutils_commands:/home/tersoo/autonomous-robot-logging-with-ROS2-jazzy/ros2_ws/install/robot_logging/lib/python3.12/site-packages:${PYTHONPATH} /usr/bin/python3 -W ignore:setup.py install is deprecated -W ignore:easy_install command is deprecated setup.py egg_info --egg-base ../../build/robot_logging build --build-base /home/tersoo/autonomous-robot-logging-with-ROS2-jazzy/ros2_ws/build/robot_logging/build install --record /home/tersoo/autonomous-robot-logging-with-ROS2-jazzy/ros2_ws/build/robot_logging/install.log --single-version-externally-managed install_data
[1.362s] running egg_info
[1.388s] writing ../../build/robot_logging/robot_logging.egg-info/PKG-INFO
[1.389s] writing dependency_links to ../../build/robot_logging/robot_logging.egg-info/dependency_links.txt
[1.389s] writing requirements to ../../build/robot_logging/robot_logging.egg-info/requires.txt
[1.389s] writing top-level names to ../../build/robot_logging/robot_logging.egg-info/top_level.txt
[1.444s] reading manifest file '../../build/robot_logging/robot_logging.egg-info/SOURCES.txt'
[1.445s] writing manifest file '../../build/robot_logging/robot_logging.egg-info/SOURCES.txt'
[1.446s] running build
[1.446s] running build_py
[1.446s] running install
[1.454s] running install_lib
[1.482s] running install_data
[1.482s] copying urdf/skid_steer.urdf.xacro -> /home/tersoo/autonomous-robot-logging-with-ROS2-jazzy/ros2_ws/install/robot_logging/share/robot_logging/urdf
[1.483s] running install_egg_info
[1.512s] removing '/home/tersoo/autonomous-robot-logging-with-ROS2-jazzy/ros2_ws/install/robot_logging/lib/python3.12/site-packages/robot_logging-0.0.0-py3.12.egg-info' (and everything under it)
[1.512s] Copying ../../build/robot_logging/robot_logging.egg-info to /home/tersoo/autonomous-robot-logging-with-ROS2-jazzy/ros2_ws/install/robot_logging/lib/python3.12/site-packages/robot_logging-0.0.0-py3.12.egg-info
[1.513s] running install_scripts
[1.685s] writing list of installed files to '/home/tersoo/autonomous-robot-logging-with-ROS2-jazzy/ros2_ws/build/robot_logging/install.log'
[1.717s] Invoked command in '/home/tersoo/autonomous-robot-logging-with-ROS2-jazzy/ros2_ws/src/robot_logging' returned '0': DEBUGINFOD_URLS=https://debuginfod.ubuntu.com PYTHONPATH=/home/tersoo/autonomous-robot-logging-with-ROS2-jazzy/ros2_ws/build/robot_logging/prefix_override:/usr/lib/python3/dist-packages/colcon_core/task/python/colcon_distutils_commands:/home/tersoo/autonomous-robot-logging-with-ROS2-jazzy/ros2_ws/install/robot_logging/lib/python3.12/site-packages:${PYTHONPATH} /usr/bin/python3 -W ignore:setup.py install is deprecated -W ignore:easy_install command is deprecated setup.py egg_info --egg-base ../../build/robot_logging build --build-base /home/tersoo/autonomous-robot-logging-with-ROS2-jazzy/ros2_ws/build/robot_logging/build install --record /home/tersoo/autonomous-robot-logging-with-ROS2-jazzy/ros2_ws/build/robot_logging/install.log --single-version-externally-managed install_data
