[1.412s] Invoking command in '/home/tersoo/autonomous-robot-logging-with-ROS2-jazzy/build/waypoint_runner': DEBUGINFOD_URLS=https://debuginfod.ubuntu.com PS1=(myenv) \[\e]0;\u@\h: \w\a\]${debian_chroot:+($debian_chroot)}\[\033[01;32m\]\u@\h\[\033[00m\]:\[\033[01;34m\]\w\[\033[00m\]\$ PYTHONPATH=/home/tersoo/autonomous-robot-logging-with-ROS2-jazzy/build/waypoint_runner/prefix_override:/usr/lib/python3/dist-packages/colcon_core/task/python/colcon_distutils_commands:/home/tersoo/autonomous-robot-logging-with-ROS2-jazzy/install/waypoint_runner/lib/python3.12/site-packages:${PYTHONPATH} VIRTUAL_ENV_PROMPT=(myenv) /usr/bin/python3 -W ignore:setup.py install is deprecated -W ignore:easy_install command is deprecated setup.py develop --uninstall --editable --build-directory /home/tersoo/autonomous-robot-logging-with-ROS2-jazzy/build/waypoint_runner/build
[1.946s] running develop
[2.319s] Removing /home/tersoo/autonomous-robot-logging-with-ROS2-jazzy/install/waypoint_runner/lib/python3.12/site-packages/waypoint-runner.egg-link (link to .)
[2.385s] Invoked command in '/home/tersoo/autonomous-robot-logging-with-ROS2-jazzy/build/waypoint_runner' returned '0': DEBUGINFOD_URLS=https://debuginfod.ubuntu.com PS1=(myenv) \[\e]0;\u@\h: \w\a\]${debian_chroot:+($debian_chroot)}\[\033[01;32m\]\u@\h\[\033[00m\]:\[\033[01;34m\]\w\[\033[00m\]\$ PYTHONPATH=/home/tersoo/autonomous-robot-logging-with-ROS2-jazzy/build/waypoint_runner/prefix_override:/usr/lib/python3/dist-packages/colcon_core/task/python/colcon_distutils_commands:/home/tersoo/autonomous-robot-logging-with-ROS2-jazzy/install/waypoint_runner/lib/python3.12/site-packages:${PYTHONPATH} VIRTUAL_ENV_PROMPT=(myenv) /usr/bin/python3 -W ignore:setup.py install is deprecated -W ignore:easy_install command is deprecated setup.py develop --uninstall --editable --build-directory /home/tersoo/autonomous-robot-logging-with-ROS2-jazzy/build/waypoint_runner/build
[2.388s] Invoking command in '/home/tersoo/autonomous-robot-logging-with-ROS2-jazzy/myros2_ws/src/waypoint_runner': DEBUGINFOD_URLS=https://debuginfod.ubuntu.com PS1=(myenv) \[\e]0;\u@\h: \w\a\]${debian_chroot:+($debian_chroot)}\[\033[01;32m\]\u@\h\[\033[00m\]:\[\033[01;34m\]\w\[\033[00m\]\$ PYTHONPATH=/home/tersoo/autonomous-robot-logging-with-ROS2-jazzy/build/waypoint_runner/prefix_override:/usr/lib/python3/dist-packages/colcon_core/task/python/colcon_distutils_commands:/home/tersoo/autonomous-robot-logging-with-ROS2-jazzy/install/waypoint_runner/lib/python3.12/site-packages:${PYTHONPATH} VIRTUAL_ENV_PROMPT=(myenv) /usr/bin/python3 -W ignore:setup.py install is deprecated -W ignore:easy_install command is deprecated setup.py egg_info --egg-base ../../../build/waypoint_runner build --build-base /home/tersoo/autonomous-robot-logging-with-ROS2-jazzy/build/waypoint_runner/build install --record /home/tersoo/autonomous-robot-logging-with-ROS2-jazzy/build/waypoint_runner/install.log --single-version-externally-managed install_data --force
[2.845s] running egg_info
[2.881s] writing ../../../build/waypoint_runner/waypoint_runner.egg-info/PKG-INFO
[2.882s] writing dependency_links to ../../../build/waypoint_runner/waypoint_runner.egg-info/dependency_links.txt
[2.882s] writing entry points to ../../../build/waypoint_runner/waypoint_runner.egg-info/entry_points.txt
[2.882s] writing requirements to ../../../build/waypoint_runner/waypoint_runner.egg-info/requires.txt
[2.883s] writing top-level names to ../../../build/waypoint_runner/waypoint_runner.egg-info/top_level.txt
[2.955s] reading manifest file '../../../build/waypoint_runner/waypoint_runner.egg-info/SOURCES.txt'
[2.956s] writing manifest file '../../../build/waypoint_runner/waypoint_runner.egg-info/SOURCES.txt'
[2.956s] running build
[2.957s] running build_py
[2.957s] creating /home/tersoo/autonomous-robot-logging-with-ROS2-jazzy/build/waypoint_runner/build
[2.957s] creating /home/tersoo/autonomous-robot-logging-with-ROS2-jazzy/build/waypoint_runner/build/lib
[2.957s] creating /home/tersoo/autonomous-robot-logging-with-ROS2-jazzy/build/waypoint_runner/build/lib/waypoint_runner
[2.958s] copying waypoint_runner/visit_points.py -> /home/tersoo/autonomous-robot-logging-with-ROS2-jazzy/build/waypoint_runner/build/lib/waypoint_runner
[2.958s] copying waypoint_runner/__init__.py -> /home/tersoo/autonomous-robot-logging-with-ROS2-jazzy/build/waypoint_runner/build/lib/waypoint_runner
[2.958s] running install
[2.967s] running install_lib
[3.002s] creating /home/tersoo/autonomous-robot-logging-with-ROS2-jazzy/install/waypoint_runner/lib/python3.12/site-packages/waypoint_runner
[3.002s] copying /home/tersoo/autonomous-robot-logging-with-ROS2-jazzy/build/waypoint_runner/build/lib/waypoint_runner/visit_points.py -> /home/tersoo/autonomous-robot-logging-with-ROS2-jazzy/install/waypoint_runner/lib/python3.12/site-packages/waypoint_runner
[3.002s] copying /home/tersoo/autonomous-robot-logging-with-ROS2-jazzy/build/waypoint_runner/build/lib/waypoint_runner/__init__.py -> /home/tersoo/autonomous-robot-logging-with-ROS2-jazzy/install/waypoint_runner/lib/python3.12/site-packages/waypoint_runner
[3.003s] byte-compiling /home/tersoo/autonomous-robot-logging-with-ROS2-jazzy/install/waypoint_runner/lib/python3.12/site-packages/waypoint_runner/visit_points.py to visit_points.cpython-312.pyc
[3.006s] byte-compiling /home/tersoo/autonomous-robot-logging-with-ROS2-jazzy/install/waypoint_runner/lib/python3.12/site-packages/waypoint_runner/__init__.py to __init__.cpython-312.pyc
[3.006s] running install_data
[3.006s] copying resource/waypoint_runner -> /home/tersoo/autonomous-robot-logging-with-ROS2-jazzy/install/waypoint_runner/share/ament_index/resource_index/packages
[3.007s] copying package.xml -> /home/tersoo/autonomous-robot-logging-with-ROS2-jazzy/install/waypoint_runner/share/waypoint_runner
[3.007s] running install_egg_info
[3.045s] Copying ../../../build/waypoint_runner/waypoint_runner.egg-info to /home/tersoo/autonomous-robot-logging-with-ROS2-jazzy/install/waypoint_runner/lib/python3.12/site-packages/waypoint_runner-0.0.0-py3.12.egg-info
[3.047s] running install_scripts
[3.306s] Installing visit_points script to /home/tersoo/autonomous-robot-logging-with-ROS2-jazzy/install/waypoint_runner/lib/waypoint_runner
[3.306s] writing list of installed files to '/home/tersoo/autonomous-robot-logging-with-ROS2-jazzy/build/waypoint_runner/install.log'
[3.383s] Invoked command in '/home/tersoo/autonomous-robot-logging-with-ROS2-jazzy/myros2_ws/src/waypoint_runner' returned '0': DEBUGINFOD_URLS=https://debuginfod.ubuntu.com PS1=(myenv) \[\e]0;\u@\h: \w\a\]${debian_chroot:+($debian_chroot)}\[\033[01;32m\]\u@\h\[\033[00m\]:\[\033[01;34m\]\w\[\033[00m\]\$ PYTHONPATH=/home/tersoo/autonomous-robot-logging-with-ROS2-jazzy/build/waypoint_runner/prefix_override:/usr/lib/python3/dist-packages/colcon_core/task/python/colcon_distutils_commands:/home/tersoo/autonomous-robot-logging-with-ROS2-jazzy/install/waypoint_runner/lib/python3.12/site-packages:${PYTHONPATH} VIRTUAL_ENV_PROMPT=(myenv) /usr/bin/python3 -W ignore:setup.py install is deprecated -W ignore:easy_install command is deprecated setup.py egg_info --egg-base ../../../build/waypoint_runner build --build-base /home/tersoo/autonomous-robot-logging-with-ROS2-jazzy/build/waypoint_runner/build install --record /home/tersoo/autonomous-robot-logging-with-ROS2-jazzy/build/waypoint_runner/install.log --single-version-externally-managed install_data --force
