[0.018s] Invoking command in '/home/tersoo/autonomous-robot-logging-with-ROS2-jazzy/myros2_ws/build/robot_logging': CMAKE_PREFIX_PATH=${CMAKE_PREFIX_PATH}:/home/tersoo/autonomous-robot-logging-with-ROS2-jazzy/myros2_ws/install/nav2_simple_commander:/home/tersoo/autonomous-robot-logging-with-ROS2-jazzy/myros2_ws/install/nav2_loopback_sim:/opt/ros/jazzy DEBUGINFOD_URLS=https://debuginfod.ubuntu.com /usr/bin/cmake --build /home/tersoo/autonomous-robot-logging-with-ROS2-jazzy/myros2_ws/build/robot_logging -- -j12 -l12
[0.066s] -- Found ament_cmake: 2.5.4 (/opt/ros/jazzy/share/ament_cmake/cmake)
[0.402s] -- Found urdf: 2.10.0 (/opt/ros/jazzy/share/urdf/cmake)
[0.446s] -- Found TinyXML2 via Config file: /usr/lib/x86_64-linux-gnu/cmake/tinyxml2
[0.452s] -- Found ament_lint_auto: 0.17.2 (/opt/ros/jazzy/share/ament_lint_auto/cmake)
[0.580s] -- Added test 'flake8' to check Python code syntax and style conventions
[0.580s] -- Configured 'flake8' exclude dirs and/or files: 
[0.581s] -- Added test 'lint_cmake' to check CMake code style
[0.582s] -- Added test 'pep257' to check Python code against some of the docstring style conventions in PEP 257
[0.585s] -- Added test 'xmllint' to check XML markup files
[0.586s] -- Configuring done (0.5s)
[0.591s] -- Generating done (0.0s)
[0.594s] -- Build files have been written to: /home/tersoo/autonomous-robot-logging-with-ROS2-jazzy/myros2_ws/build/robot_logging
[0.665s] Invoked command in '/home/tersoo/autonomous-robot-logging-with-ROS2-jazzy/myros2_ws/build/robot_logging' returned '0': CMAKE_PREFIX_PATH=${CMAKE_PREFIX_PATH}:/home/tersoo/autonomous-robot-logging-with-ROS2-jazzy/myros2_ws/install/nav2_simple_commander:/home/tersoo/autonomous-robot-logging-with-ROS2-jazzy/myros2_ws/install/nav2_loopback_sim:/opt/ros/jazzy DEBUGINFOD_URLS=https://debuginfod.ubuntu.com /usr/bin/cmake --build /home/tersoo/autonomous-robot-logging-with-ROS2-jazzy/myros2_ws/build/robot_logging -- -j12 -l12
[0.683s] Invoking command in '/home/tersoo/autonomous-robot-logging-with-ROS2-jazzy/myros2_ws/build/robot_logging': CMAKE_PREFIX_PATH=${CMAKE_PREFIX_PATH}:/home/tersoo/autonomous-robot-logging-with-ROS2-jazzy/myros2_ws/install/nav2_simple_commander:/home/tersoo/autonomous-robot-logging-with-ROS2-jazzy/myros2_ws/install/nav2_loopback_sim:/opt/ros/jazzy DEBUGINFOD_URLS=https://debuginfod.ubuntu.com /usr/bin/cmake --install /home/tersoo/autonomous-robot-logging-with-ROS2-jazzy/myros2_ws/build/robot_logging
[0.706s] -- Install configuration: ""
[0.706s] -- Up-to-date: /home/tersoo/autonomous-robot-logging-with-ROS2-jazzy/myros2_ws/install/robot_logging/share/robot_logging/meshes
[0.707s] -- Up-to-date: /home/tersoo/autonomous-robot-logging-with-ROS2-jazzy/myros2_ws/install/robot_logging/share/robot_logging/meshes/rl_wheel.STL
[0.707s] -- Up-to-date: /home/tersoo/autonomous-robot-logging-with-ROS2-jazzy/myros2_ws/install/robot_logging/share/robot_logging/meshes/fl_wheel.STL
[0.707s] -- Up-to-date: /home/tersoo/autonomous-robot-logging-with-ROS2-jazzy/myros2_ws/install/robot_logging/share/robot_logging/meshes/fr_wheel.STL
[0.708s] -- Up-to-date: /home/tersoo/autonomous-robot-logging-with-ROS2-jazzy/myros2_ws/install/robot_logging/share/robot_logging/meshes/base_link.STL
[0.708s] -- Up-to-date: /home/tersoo/autonomous-robot-logging-with-ROS2-jazzy/myros2_ws/install/robot_logging/share/robot_logging/meshes/lidar_link.STL
[0.709s] -- Up-to-date: /home/tersoo/autonomous-robot-logging-with-ROS2-jazzy/myros2_ws/install/robot_logging/share/robot_logging/meshes/rr_wheel.STL
[0.709s] -- Up-to-date: /home/tersoo/autonomous-robot-logging-with-ROS2-jazzy/myros2_ws/install/robot_logging/share/robot_logging/urdf
[0.709s] -- Up-to-date: /home/tersoo/autonomous-robot-logging-with-ROS2-jazzy/myros2_ws/install/robot_logging/share/robot_logging/urdf/skid_steer_gazebo.xacro
[0.709s] -- Up-to-date: /home/tersoo/autonomous-robot-logging-with-ROS2-jazzy/myros2_ws/install/robot_logging/share/robot_logging/urdf/skid_steer.urdf.xacro
[0.710s] -- Up-to-date: /home/tersoo/autonomous-robot-logging-with-ROS2-jazzy/myros2_ws/install/robot_logging/share/robot_logging/urdf/skid_steer_ros2_control.xacro
[0.710s] -- Up-to-date: /home/tersoo/autonomous-robot-logging-with-ROS2-jazzy/myros2_ws/install/robot_logging/share/robot_logging/launch
[0.710s] -- Up-to-date: /home/tersoo/autonomous-robot-logging-with-ROS2-jazzy/myros2_ws/install/robot_logging/share/robot_logging/launch/gazebo.launch.py
[0.710s] -- Up-to-date: /home/tersoo/autonomous-robot-logging-with-ROS2-jazzy/myros2_ws/install/robot_logging/share/robot_logging/launch/nav2_bringup.launch.py
[0.711s] -- Up-to-date: /home/tersoo/autonomous-robot-logging-with-ROS2-jazzy/myros2_ws/install/robot_logging/share/robot_logging/launch/display.launch.py
[0.711s] -- Up-to-date: /home/tersoo/autonomous-robot-logging-with-ROS2-jazzy/myros2_ws/install/robot_logging/share/robot_logging/launch/mapping.launch.py
[0.711s] -- Up-to-date: /home/tersoo/autonomous-robot-logging-with-ROS2-jazzy/myros2_ws/install/robot_logging/share/robot_logging/launch/simple_nav_launch.py
[0.711s] -- Up-to-date: /home/tersoo/autonomous-robot-logging-with-ROS2-jazzy/myros2_ws/install/robot_logging/share/robot_logging/config
[0.712s] -- Up-to-date: /home/tersoo/autonomous-robot-logging-with-ROS2-jazzy/myros2_ws/install/robot_logging/share/robot_logging/config/controllers.yaml
[0.712s] -- Up-to-date: /home/tersoo/autonomous-robot-logging-with-ROS2-jazzy/myros2_ws/install/robot_logging/share/robot_logging/config/nav2_params.yaml
[0.712s] -- Up-to-date: /home/tersoo/autonomous-robot-logging-with-ROS2-jazzy/myros2_ws/install/robot_logging/share/robot_logging/config/slam_toolbox.yaml
[0.713s] -- Up-to-date: /home/tersoo/autonomous-robot-logging-with-ROS2-jazzy/myros2_ws/install/robot_logging/share/robot_logging/worlds
[0.713s] -- Up-to-date: /home/tersoo/autonomous-robot-logging-with-ROS2-jazzy/myros2_ws/install/robot_logging/share/robot_logging/worlds/lidar_rangeworld.sdf
[0.713s] -- Up-to-date: /home/tersoo/autonomous-robot-logging-with-ROS2-jazzy/myros2_ws/install/robot_logging/share/robot_logging/worlds/teranova.sdf
[0.714s] -- Up-to-date: /home/tersoo/autonomous-robot-logging-with-ROS2-jazzy/myros2_ws/install/robot_logging/share/robot_logging/worlds/tera_nova.sdf
[0.714s] -- Up-to-date: /home/tersoo/autonomous-robot-logging-with-ROS2-jazzy/myros2_ws/install/robot_logging/share/robot_logging/rviz
[0.714s] -- Up-to-date: /home/tersoo/autonomous-robot-logging-with-ROS2-jazzy/myros2_ws/install/robot_logging/share/robot_logging/rviz/mapping.rviz
[0.715s] -- Up-to-date: /home/tersoo/autonomous-robot-logging-with-ROS2-jazzy/myros2_ws/install/robot_logging/share/robot_logging/rviz/slam_view.rviz
[0.715s] -- Up-to-date: /home/tersoo/autonomous-robot-logging-with-ROS2-jazzy/myros2_ws/install/robot_logging/share/robot_logging/maps
[0.715s] -- Up-to-date: /home/tersoo/autonomous-robot-logging-with-ROS2-jazzy/myros2_ws/install/robot_logging/share/robot_logging/maps/my_map.yaml
[0.716s] -- Up-to-date: /home/tersoo/autonomous-robot-logging-with-ROS2-jazzy/myros2_ws/install/robot_logging/share/robot_logging/maps/my_map.pgm
[0.716s] -- Up-to-date: /home/tersoo/autonomous-robot-logging-with-ROS2-jazzy/myros2_ws/install/robot_logging/share/robot_logging/src
[0.716s] -- Installing: /home/tersoo/autonomous-robot-logging-with-ROS2-jazzy/myros2_ws/install/robot_logging/share/ament_index/resource_index/package_run_dependencies/robot_logging
[0.716s] -- Up-to-date: /home/tersoo/autonomous-robot-logging-with-ROS2-jazzy/myros2_ws/install/robot_logging/share/ament_index/resource_index/parent_prefix_path/robot_logging
[0.717s] -- Up-to-date: /home/tersoo/autonomous-robot-logging-with-ROS2-jazzy/myros2_ws/install/robot_logging/share/robot_logging/environment/ament_prefix_path.sh
[0.717s] -- Up-to-date: /home/tersoo/autonomous-robot-logging-with-ROS2-jazzy/myros2_ws/install/robot_logging/share/robot_logging/environment/ament_prefix_path.dsv
[0.717s] -- Up-to-date: /home/tersoo/autonomous-robot-logging-with-ROS2-jazzy/myros2_ws/install/robot_logging/share/robot_logging/environment/path.sh
[0.717s] -- Up-to-date: /home/tersoo/autonomous-robot-logging-with-ROS2-jazzy/myros2_ws/install/robot_logging/share/robot_logging/environment/path.dsv
[0.718s] -- Up-to-date: /home/tersoo/autonomous-robot-logging-with-ROS2-jazzy/myros2_ws/install/robot_logging/share/robot_logging/local_setup.bash
[0.718s] -- Up-to-date: /home/tersoo/autonomous-robot-logging-with-ROS2-jazzy/myros2_ws/install/robot_logging/share/robot_logging/local_setup.sh
[0.719s] -- Up-to-date: /home/tersoo/autonomous-robot-logging-with-ROS2-jazzy/myros2_ws/install/robot_logging/share/robot_logging/local_setup.zsh
[0.719s] -- Up-to-date: /home/tersoo/autonomous-robot-logging-with-ROS2-jazzy/myros2_ws/install/robot_logging/share/robot_logging/local_setup.dsv
[0.720s] -- Installing: /home/tersoo/autonomous-robot-logging-with-ROS2-jazzy/myros2_ws/install/robot_logging/share/robot_logging/package.dsv
[0.720s] -- Up-to-date: /home/tersoo/autonomous-robot-logging-with-ROS2-jazzy/myros2_ws/install/robot_logging/share/ament_index/resource_index/packages/robot_logging
[0.720s] -- Up-to-date: /home/tersoo/autonomous-robot-logging-with-ROS2-jazzy/myros2_ws/install/robot_logging/share/robot_logging/cmake/robot_loggingConfig.cmake
[0.720s] -- Up-to-date: /home/tersoo/autonomous-robot-logging-with-ROS2-jazzy/myros2_ws/install/robot_logging/share/robot_logging/cmake/robot_loggingConfig-version.cmake
[0.720s] -- Installing: /home/tersoo/autonomous-robot-logging-with-ROS2-jazzy/myros2_ws/install/robot_logging/share/robot_logging/package.xml
[0.721s] Invoked command in '/home/tersoo/autonomous-robot-logging-with-ROS2-jazzy/myros2_ws/build/robot_logging' returned '0': CMAKE_PREFIX_PATH=${CMAKE_PREFIX_PATH}:/home/tersoo/autonomous-robot-logging-with-ROS2-jazzy/myros2_ws/install/nav2_simple_commander:/home/tersoo/autonomous-robot-logging-with-ROS2-jazzy/myros2_ws/install/nav2_loopback_sim:/opt/ros/jazzy DEBUGINFOD_URLS=https://debuginfod.ubuntu.com /usr/bin/cmake --install /home/tersoo/autonomous-robot-logging-with-ROS2-jazzy/myros2_ws/build/robot_logging
