[1.522s] Invoking command in '/home/tersoo/autonomous-robot-logging-with-ROS2-jazzy/myros2_ws/src/waypoint_runner': DEBUGINFOD_URLS=https://debuginfod.ubuntu.com PYTHONPATH=/home/tersoo/autonomous-robot-logging-with-ROS2-jazzy/myros2_ws/build/waypoint_runner/prefix_override:/usr/lib/python3/dist-packages/colcon_core/task/python/colcon_distutils_commands:/home/tersoo/autonomous-robot-logging-with-ROS2-jazzy/myros2_ws/install/waypoint_runner/lib/python3.12/site-packages:${PYTHONPATH} /usr/bin/python3 -W ignore:setup.py install is deprecated -W ignore:easy_install command is deprecated setup.py egg_info --egg-base ../../build/waypoint_runner build --build-base /home/tersoo/autonomous-robot-logging-with-ROS2-jazzy/myros2_ws/build/waypoint_runner/build install --record /home/tersoo/autonomous-robot-logging-with-ROS2-jazzy/myros2_ws/build/waypoint_runner/install.log --single-version-externally-managed install_data
[1.915s] running egg_info
[1.944s] writing ../../build/waypoint_runner/waypoint_runner.egg-info/PKG-INFO
[1.945s] writing dependency_links to ../../build/waypoint_runner/waypoint_runner.egg-info/dependency_links.txt
[1.945s] writing entry points to ../../build/waypoint_runner/waypoint_runner.egg-info/entry_points.txt
[1.945s] writing requirements to ../../build/waypoint_runner/waypoint_runner.egg-info/requires.txt
[1.946s] writing top-level names to ../../build/waypoint_runner/waypoint_runner.egg-info/top_level.txt
[2.005s] reading manifest file '../../build/waypoint_runner/waypoint_runner.egg-info/SOURCES.txt'
[2.006s] writing manifest file '../../build/waypoint_runner/waypoint_runner.egg-info/SOURCES.txt'
[2.006s] running build
[2.007s] running build_py
[2.007s] running install
[2.014s] running install_lib
[2.045s] running install_data
[2.045s] running install_egg_info
[2.083s] removing '/home/tersoo/autonomous-robot-logging-with-ROS2-jazzy/myros2_ws/install/waypoint_runner/lib/python3.12/site-packages/waypoint_runner-0.0.0-py3.12.egg-info' (and everything under it)
[2.085s] Copying ../../build/waypoint_runner/waypoint_runner.egg-info to /home/tersoo/autonomous-robot-logging-with-ROS2-jazzy/myros2_ws/install/waypoint_runner/lib/python3.12/site-packages/waypoint_runner-0.0.0-py3.12.egg-info
[2.086s] running install_scripts
[2.277s] Installing visit_points script to /home/tersoo/autonomous-robot-logging-with-ROS2-jazzy/myros2_ws/install/waypoint_runner/lib/waypoint_runner
[2.277s] writing list of installed files to '/home/tersoo/autonomous-robot-logging-with-ROS2-jazzy/myros2_ws/build/waypoint_runner/install.log'
[2.326s] Invoked command in '/home/tersoo/autonomous-robot-logging-with-ROS2-jazzy/myros2_ws/src/waypoint_runner' returned '0': DEBUGINFOD_URLS=https://debuginfod.ubuntu.com PYTHONPATH=/home/tersoo/autonomous-robot-logging-with-ROS2-jazzy/myros2_ws/build/waypoint_runner/prefix_override:/usr/lib/python3/dist-packages/colcon_core/task/python/colcon_distutils_commands:/home/tersoo/autonomous-robot-logging-with-ROS2-jazzy/myros2_ws/install/waypoint_runner/lib/python3.12/site-packages:${PYTHONPATH} /usr/bin/python3 -W ignore:setup.py install is deprecated -W ignore:easy_install command is deprecated setup.py egg_info --egg-base ../../build/waypoint_runner build --build-base /home/tersoo/autonomous-robot-logging-with-ROS2-jazzy/myros2_ws/build/waypoint_runner/build install --record /home/tersoo/autonomous-robot-logging-with-ROS2-jazzy/myros2_ws/build/waypoint_runner/install.log --single-version-externally-managed install_data
