running egg_info
writing ../../build/waypoint_runner/waypoint_runner.egg-info/PKG-INFO
writing dependency_links to ../../build/waypoint_runner/waypoint_runner.egg-info/dependency_links.txt
writing entry points to ../../build/waypoint_runner/waypoint_runner.egg-info/entry_points.txt
writing requirements to ../../build/waypoint_runner/waypoint_runner.egg-info/requires.txt
writing top-level names to ../../build/waypoint_runner/waypoint_runner.egg-info/top_level.txt
reading manifest file '../../build/waypoint_runner/waypoint_runner.egg-info/SOURCES.txt'
writing manifest file '../../build/waypoint_runner/waypoint_runner.egg-info/SOURCES.txt'
running build
running build_py
copying waypoint_runner/visit_points.py -> /home/tersoo/autonomous-robot-logging-with-ROS2-jazzy/myros2_ws/build/waypoint_runner/build/lib/waypoint_runner
running install
running install_lib
copying /home/tersoo/autonomous-robot-logging-with-ROS2-jazzy/myros2_ws/build/waypoint_runner/build/lib/waypoint_runner/visit_points.py -> /home/tersoo/autonomous-robot-logging-with-ROS2-jazzy/myros2_ws/install/waypoint_runner/lib/python3.12/site-packages/waypoint_runner
byte-compiling /home/tersoo/autonomous-robot-logging-with-ROS2-jazzy/myros2_ws/install/waypoint_runner/lib/python3.12/site-packages/waypoint_runner/visit_points.py to visit_points.cpython-312.pyc
running install_data
running install_egg_info
removing '/home/tersoo/autonomous-robot-logging-with-ROS2-jazzy/myros2_ws/install/waypoint_runner/lib/python3.12/site-packages/waypoint_runner-0.0.0-py3.12.egg-info' (and everything under it)
Copying ../../build/waypoint_runner/waypoint_runner.egg-info to /home/tersoo/autonomous-robot-logging-with-ROS2-jazzy/myros2_ws/install/waypoint_runner/lib/python3.12/site-packages/waypoint_runner-0.0.0-py3.12.egg-info
running install_scripts
Installing visit_points script to /home/tersoo/autonomous-robot-logging-with-ROS2-jazzy/myros2_ws/install/waypoint_runner/lib/waypoint_runner
writing list of installed files to '/home/tersoo/autonomous-robot-logging-with-ROS2-jazzy/myros2_ws/build/waypoint_runner/install.log'
