running develop
running egg_info
creating twist_bridge.egg-info
writing twist_bridge.egg-info/PKG-INFO
writing dependency_links to twist_bridge.egg-info/dependency_links.txt
writing entry points to twist_bridge.egg-info/entry_points.txt
writing requirements to twist_bridge.egg-info/requires.txt
writing top-level names to twist_bridge.egg-info/top_level.txt
writing manifest file 'twist_bridge.egg-info/SOURCES.txt'
reading manifest file 'twist_bridge.egg-info/SOURCES.txt'
writing manifest file 'twist_bridge.egg-info/SOURCES.txt'
running build_ext
Creating /home/tersoo/autonomous-robot-logging-with-ROS2-jazzy/install/twist_bridge/lib/python3.12/site-packages/twist-bridge.egg-link (link to .)
Installing twist_to_stamped script to /home/tersoo/autonomous-robot-logging-with-ROS2-jazzy/install/twist_bridge/lib/twist_bridge

Installed /home/tersoo/autonomous-robot-logging-with-ROS2-jazzy/build/twist_bridge
running symlink_data
creating /home/tersoo/autonomous-robot-logging-with-ROS2-jazzy/install/twist_bridge/share/ament_index
creating /home/tersoo/autonomous-robot-logging-with-ROS2-jazzy/install/twist_bridge/share/ament_index/resource_index
creating /home/tersoo/autonomous-robot-logging-with-ROS2-jazzy/install/twist_bridge/share/ament_index/resource_index/packages
symbolically linking /home/tersoo/autonomous-robot-logging-with-ROS2-jazzy/build/twist_bridge/resource/twist_bridge -> /home/tersoo/autonomous-robot-logging-with-ROS2-jazzy/install/twist_bridge/share/ament_index/resource_index/packages
symbolically linking /home/tersoo/autonomous-robot-logging-with-ROS2-jazzy/build/twist_bridge/package.xml -> /home/tersoo/autonomous-robot-logging-with-ROS2-jazzy/install/twist_bridge/share/twist_bridge
